2026-06-03 13:45:04,767 [INFO] Chưa có data → fetch 90 ngày: 2026-03-05 → 2026-06-02
2026-06-03 13:45:05,339 [INFO] Failed to extract font properties from /usr/share/fonts/truetype/noto/NotoColorEmoji.ttf: Can not load face (unknown file format; error code 0x2)
2026-06-03 13:45:05,392 [INFO] generated new fontManager
2026-06-03 13:45:07,875 [INFO] Device registered: 354c82000fe98b4ab7cfcc1c6cce8932 (version 0.0.1)
2026-06-03 13:45:12,403 [INFO] VCB: ✓ 61 dòng
2026-06-03 13:45:14,797 [INFO] VIC: ✓ 61 dòng
2026-06-03 13:45:17,023 [INFO] VHM: ✓ 61 dòng
2026-06-03 13:45:19,320 [INFO] HPG: ✓ 61 dòng
2026-06-03 13:45:21,755 [INFO] TCB: ✓ 61 dòng
2026-06-03 13:45:24,157 [INFO] MBB: ✓ 61 dòng
2026-06-03 13:45:26,387 [INFO] VNM: ✓ 61 dòng
2026-06-03 13:45:28,822 [INFO] FPT: ✓ 61 dòng
2026-06-03 13:45:31,134 [INFO] MSN: ✓ 61 dòng
2026-06-03 13:45:33,396 [INFO] BID: ✓ 61 dòng
2026-06-03 13:45:33,396 [INFO] === Xong: 10/10 tickers | 610 dòng mới ===
2026-06-04 19:33:49,501 [INFO] Fetch từ 2026-06-03 → 2026-06-03
2026-06-04 19:33:49,968 [INFO] Failed to extract font properties from /usr/share/fonts/truetype/noto/NotoColorEmoji.ttf: Can not load face (unknown file format; error code 0x2)
2026-06-04 19:33:50,037 [INFO] generated new fontManager
2026-06-04 19:33:52,809 [INFO] Device registered: 354c82000fe98b4ab7cfcc1c6cce8932 (version 0.0.1)
2026-06-04 19:33:57,237 [INFO] VCB: ✓ 1 dòng
2026-06-04 19:33:59,718 [INFO] VIC: ✓ 1 dòng
2026-06-04 19:34:02,013 [INFO] VHM: ✓ 1 dòng
2026-06-04 19:34:04,331 [INFO] HPG: ✓ 1 dòng
2026-06-04 19:34:06,802 [INFO] TCB: ✓ 1 dòng
2026-06-04 19:34:09,448 [INFO] MBB: ✓ 1 dòng
2026-06-04 19:34:11,896 [INFO] VNM: ✓ 1 dòng
2026-06-04 19:34:14,220 [INFO] FPT: ✓ 1 dòng
2026-06-04 19:34:16,586 [INFO] MSN: ✓ 1 dòng
2026-06-04 19:34:19,064 [INFO] BID: ✓ 1 dòng
2026-06-04 19:34:19,064 [INFO] === Xong: 10/10 tickers | 10 dòng mới ===
2026-06-05 18:18:13,529 [INFO] Fetch từ 2026-06-04 → 2026-06-04
2026-06-05 18:18:14,076 [INFO] Failed to extract font properties from /usr/share/fonts/truetype/noto/NotoColorEmoji.ttf: Can not load face (unknown file format; error code 0x2)
2026-06-05 18:18:14,098 [INFO] generated new fontManager
2026-06-05 18:18:16,906 [INFO] Device registered: 354c82000fe98b4ab7cfcc1c6cce8932 (version 0.0.1)
2026-06-05 18:18:22,723 [INFO] VCB: ✓ 1 dòng
2026-06-05 18:18:25,752 [INFO] VIC: ✓ 1 dòng
2026-06-05 18:18:28,548 [INFO] VHM: ✓ 1 dòng
2026-06-05 18:18:31,564 [INFO] HPG: ✓ 1 dòng
2026-06-05 18:18:34,518 [INFO] TCB: ✓ 1 dòng
2026-06-05 18:18:37,350 [INFO] MBB: ✓ 1 dòng
2026-06-05 18:18:40,207 [INFO] VNM: ✓ 1 dòng
2026-06-05 18:18:43,127 [INFO] FPT: ✓ 1 dòng
2026-06-05 18:18:46,269 [INFO] MSN: ✓ 1 dòng
2026-06-05 18:18:49,084 [INFO] BID: ✓ 1 dòng
2026-06-05 18:18:49,084 [INFO] === Xong: 10/10 tickers | 10 dòng mới ===
2026-06-08 19:38:03,860 [INFO] Fetch từ 2026-06-05 → 2026-06-07
2026-06-08 19:38:05,251 [INFO] Failed to extract font properties from /usr/share/fonts/truetype/noto/NotoColorEmoji.ttf: Can not load face (unknown file format; error code 0x2)
2026-06-08 19:38:05,305 [INFO] generated new fontManager
2026-06-08 19:38:09,134 [INFO] Device registered: 354c82000fe98b4ab7cfcc1c6cce8932 (version 0.0.1)
2026-06-08 19:38:14,089 [INFO] VCB: ✓ 1 dòng
2026-06-08 19:38:16,833 [INFO] VIC: ✓ 1 dòng
2026-06-08 19:38:19,634 [INFO] VHM: ✓ 1 dòng
2026-06-08 19:38:22,389 [INFO] HPG: ✓ 1 dòng
2026-06-08 19:38:25,127 [INFO] TCB: ✓ 1 dòng
2026-06-08 19:38:27,859 [INFO] MBB: ✓ 1 dòng
2026-06-08 19:38:30,853 [INFO] VNM: ✓ 1 dòng
2026-06-08 19:38:33,636 [INFO] FPT: ✓ 1 dòng
2026-06-08 19:38:36,796 [INFO] MSN: ✓ 1 dòng
2026-06-08 19:38:39,569 [INFO] BID: ✓ 1 dòng
2026-06-08 19:38:39,570 [INFO] === Xong: 10/10 tickers | 10 dòng mới ===
2026-06-09 18:34:42,333 [INFO] Fetch từ 2026-06-06 → 2026-06-08
2026-06-09 18:34:42,805 [INFO] Failed to extract font properties from /usr/share/fonts/truetype/noto/NotoColorEmoji.ttf: Can not load face (unknown file format; error code 0x2)
2026-06-09 18:34:42,819 [INFO] generated new fontManager
2026-06-09 18:34:46,136 [INFO] Device registered: 354c82000fe98b4ab7cfcc1c6cce8932 (version 0.0.1)
2026-06-09 18:34:51,458 [INFO] VCB: ✓ 1 dòng
2026-06-09 18:34:53,963 [INFO] VIC: ✓ 1 dòng
2026-06-09 18:34:56,452 [INFO] VHM: ✓ 1 dòng
2026-06-09 18:34:59,076 [INFO] HPG: ✓ 1 dòng
2026-06-09 18:35:01,489 [INFO] TCB: ✓ 1 dòng
2026-06-09 18:35:04,141 [INFO] MBB: ✓ 1 dòng
2026-06-09 18:35:06,626 [INFO] VNM: ✓ 1 dòng
2026-06-09 18:35:09,188 [INFO] FPT: ✓ 1 dòng
2026-06-09 18:35:11,746 [INFO] MSN: ✓ 1 dòng
2026-06-09 18:35:14,331 [INFO] BID: ✓ 1 dòng
2026-06-09 18:35:14,331 [INFO] === Xong: 10/10 tickers | 10 dòng mới ===
2026-06-10 19:56:30,569 [INFO] Fetch từ 2026-06-09 → 2026-06-09
2026-06-10 19:56:31,085 [INFO] Failed to extract font properties from /usr/share/fonts/truetype/noto/NotoColorEmoji.ttf: Can not load face (unknown file format; error code 0x2)
2026-06-10 19:56:31,166 [INFO] generated new fontManager
2026-06-10 19:56:34,065 [INFO] Device registered: 6868ff1a056fe10b9fe90e5ae95cbb21 (version 0.0.1)
2026-06-10 19:56:39,534 [INFO] VCB: ✓ 1 dòng
2026-06-10 19:56:42,569 [INFO] VIC: ✓ 1 dòng
2026-06-10 19:56:46,107 [INFO] VHM: ✓ 1 dòng
2026-06-10 19:56:49,306 [INFO] HPG: ✓ 1 dòng
2026-06-10 19:56:52,482 [INFO] TCB: ✓ 1 dòng
2026-06-10 19:56:55,525 [INFO] MBB: ✓ 1 dòng
2026-06-10 19:56:58,819 [INFO] VNM: ✓ 1 dòng
2026-06-10 19:57:04,355 [INFO] FPT: ✓ 1 dòng
2026-06-10 19:57:07,498 [INFO] MSN: ✓ 1 dòng
2026-06-10 19:57:11,033 [INFO] BID: ✓ 1 dòng
2026-06-10 19:57:11,033 [INFO] === Xong: 10/10 tickers | 10 dòng mới ===
2026-06-11 20:01:18,727 [INFO] Fetch từ 2026-06-10 → 2026-06-10
2026-06-11 20:01:19,188 [INFO] Failed to extract font properties from /usr/share/fonts/truetype/noto/NotoColorEmoji.ttf: Can not load face (unknown file format; error code 0x2)
2026-06-11 20:01:19,258 [INFO] generated new fontManager
2026-06-11 20:01:22,216 [INFO] Device registered: 6868ff1a056fe10b9fe90e5ae95cbb21 (version 0.0.1)
2026-06-11 20:01:27,497 [INFO] VCB: ✓ 1 dòng
2026-06-11 20:01:30,615 [INFO] VIC: ✓ 1 dòng
2026-06-11 20:01:33,941 [INFO] VHM: ✓ 1 dòng
2026-06-11 20:01:37,083 [INFO] HPG: ✓ 1 dòng
2026-06-11 20:01:40,173 [INFO] TCB: ✓ 1 dòng
2026-06-11 20:01:43,262 [INFO] MBB: ✓ 1 dòng
2026-06-11 20:01:46,295 [INFO] VNM: ✓ 1 dòng
2026-06-11 20:01:49,374 [INFO] FPT: ✓ 1 dòng
2026-06-11 20:01:52,423 [INFO] MSN: ✓ 1 dòng
2026-06-11 20:01:55,396 [INFO] BID: ✓ 1 dòng
2026-06-11 20:01:55,396 [INFO] === Xong: 10/10 tickers | 10 dòng mới ===
2026-06-12 18:23:18,421 [INFO] Fetch từ 2026-06-11 → 2026-06-11
2026-06-12 18:23:20,239 [INFO] Failed to extract font properties from /usr/share/fonts/truetype/noto/NotoColorEmoji.ttf: Non-scalable fonts are not supported
2026-06-12 18:23:21,206 [INFO] generated new fontManager
2026-06-12 18:23:23,080 [INFO] Device registered: 6868ff1a056fe10b9fe90e5ae95cbb21 (version 0.0.1)
2026-06-12 18:23:27,556 [INFO] VCB: ✓ 1 dòng
2026-06-12 18:23:30,065 [INFO] VIC: ✓ 1 dòng
2026-06-12 18:23:32,401 [INFO] VHM: ✓ 1 dòng
2026-06-12 18:23:34,842 [INFO] HPG: ✓ 1 dòng
2026-06-12 18:23:37,274 [INFO] TCB: ✓ 1 dòng
2026-06-12 18:23:39,774 [INFO] MBB: ✓ 1 dòng
2026-06-12 18:23:42,229 [INFO] VNM: ✓ 1 dòng
2026-06-12 18:23:44,710 [INFO] FPT: ✓ 1 dòng
2026-06-12 18:23:47,313 [INFO] MSN: ✓ 1 dòng
2026-06-12 18:23:49,745 [INFO] BID: ✓ 1 dòng
2026-06-12 18:23:49,745 [INFO] === Xong: 10/10 tickers | 10 dòng mới ===
2026-06-15 16:21:00,315 [INFO] Fetch từ 2026-06-12 → 2026-06-14
2026-06-15 16:21:00,980 [INFO] Failed to extract font properties from /usr/share/fonts/truetype/noto/NotoColorEmoji.ttf: Non-scalable fonts are not supported
2026-06-15 16:21:01,042 [INFO] generated new fontManager
2026-06-15 16:21:03,094 [INFO] Device registered: 6868ff1a056fe10b9fe90e5ae95cbb21 (version 0.0.1)
2026-06-15 16:21:07,589 [INFO] VCB: ✓ 1 dòng
2026-06-15 16:21:10,203 [INFO] VIC: ✓ 1 dòng
2026-06-15 16:21:12,739 [INFO] VHM: ✓ 1 dòng
2026-06-15 16:21:15,537 [INFO] HPG: ✓ 1 dòng
2026-06-15 16:21:18,178 [INFO] TCB: ✓ 1 dòng
2026-06-15 16:21:20,682 [INFO] MBB: ✓ 1 dòng
2026-06-15 16:21:23,454 [INFO] VNM: ✓ 1 dòng
2026-06-15 16:21:26,000 [INFO] FPT: ✓ 1 dòng
2026-06-15 16:21:28,487 [INFO] MSN: ✓ 1 dòng
2026-06-15 16:21:31,121 [INFO] BID: ✓ 1 dòng
2026-06-15 16:21:31,121 [INFO] === Xong: 10/10 tickers | 10 dòng mới ===
2026-06-16 16:01:57,316 [INFO] Fetch từ 2026-06-13 → 2026-06-15
2026-06-16 16:01:58,942 [INFO] Failed to extract font properties from /usr/share/fonts/truetype/noto/NotoColorEmoji.ttf: Non-scalable fonts are not supported
2026-06-16 16:01:59,051 [INFO] generated new fontManager
2026-06-16 16:02:01,926 [INFO] Device registered: 6868ff1a056fe10b9fe90e5ae95cbb21 (version 0.0.1)
2026-06-16 16:02:07,975 [INFO] VCB: ✓ 1 dòng
2026-06-16 16:02:11,359 [INFO] VIC: ✓ 1 dòng
2026-06-16 16:02:14,407 [INFO] VHM: ✓ 1 dòng
2026-06-16 16:02:17,698 [INFO] HPG: ✓ 1 dòng
2026-06-16 16:02:20,789 [INFO] TCB: ✓ 1 dòng
2026-06-16 16:02:23,811 [INFO] MBB: ✓ 1 dòng
2026-06-16 16:02:26,560 [INFO] VNM: ✓ 1 dòng
2026-06-16 16:02:29,285 [INFO] FPT: ✓ 1 dòng
2026-06-16 16:02:32,062 [INFO] MSN: ✓ 1 dòng
2026-06-16 16:02:34,873 [INFO] BID: ✓ 1 dòng
2026-06-16 16:02:34,873 [INFO] === Xong: 10/10 tickers | 10 dòng mới ===
2026-06-17 14:28:47,635 [INFO] Fetch từ 2026-06-16 → 2026-06-16
2026-06-17 14:28:48,336 [INFO] Failed to extract font properties from /usr/share/fonts/truetype/noto/NotoColorEmoji.ttf: Non-scalable fonts are not supported
2026-06-17 14:28:48,449 [INFO] generated new fontManager
2026-06-17 14:28:51,907 [INFO] Device registered: 6868ff1a056fe10b9fe90e5ae95cbb21 (version 0.0.1)
2026-06-17 14:28:57,452 [INFO] VCB: ✓ 1 dòng
2026-06-17 14:29:01,822 [INFO] VIC: ✓ 1 dòng
2026-06-17 14:29:06,235 [INFO] VHM: ✓ 1 dòng
2026-06-17 14:29:09,991 [INFO] HPG: ✓ 1 dòng
2026-06-17 14:29:14,060 [INFO] TCB: ✓ 1 dòng
2026-06-17 14:29:17,685 [INFO] MBB: ✓ 1 dòng
2026-06-17 14:29:22,009 [INFO] VNM: ✓ 1 dòng
2026-06-17 14:29:25,843 [INFO] FPT: ✓ 1 dòng
2026-06-17 14:29:30,045 [INFO] MSN: ✓ 1 dòng
2026-06-17 14:29:33,881 [INFO] BID: ✓ 1 dòng
2026-06-17 14:29:33,882 [INFO] === Xong: 10/10 tickers | 10 dòng mới ===
2026-06-18 14:16:08,766 [INFO] Fetch từ 2026-06-17 → 2026-06-17
2026-06-18 14:16:09,100 [INFO] Failed to extract font properties from /usr/share/fonts/truetype/noto/NotoColorEmoji.ttf: Non-scalable fonts are not supported
2026-06-18 14:16:09,286 [INFO] generated new fontManager
2026-06-18 14:16:12,785 [INFO] Device registered: 6868ff1a056fe10b9fe90e5ae95cbb21 (version 0.0.1)
2026-06-18 14:16:17,929 [INFO] VCB: ✓ 1 dòng
2026-06-18 14:16:21,444 [INFO] VIC: ✓ 1 dòng
2026-06-18 14:16:25,334 [INFO] VHM: ✓ 1 dòng
2026-06-18 14:16:28,551 [INFO] HPG: ✓ 1 dòng
2026-06-18 14:16:32,904 [INFO] TCB: ✓ 1 dòng
2026-06-18 14:16:36,429 [INFO] MBB: ✓ 1 dòng
2026-06-18 14:16:39,610 [INFO] VNM: ✓ 1 dòng
2026-06-18 14:16:42,663 [INFO] FPT: ✓ 1 dòng
2026-06-18 14:16:46,086 [INFO] MSN: ✓ 1 dòng
2026-06-18 14:16:49,666 [INFO] BID: ✓ 1 dòng
2026-06-18 14:16:49,666 [INFO] === Xong: 10/10 tickers | 10 dòng mới ===
2026-06-19 14:17:02,055 [INFO] Fetch từ 2026-06-18 → 2026-06-18
2026-06-19 14:17:02,687 [INFO] Failed to extract font properties from /usr/share/fonts/truetype/noto/NotoColorEmoji.ttf: Non-scalable fonts are not supported
2026-06-19 14:17:03,236 [INFO] generated new fontManager
2026-06-19 14:17:05,908 [INFO] Device registered: cc9b515b87c708403a2353e79a67424b (version 0.0.1)
2026-06-19 14:17:10,939 [INFO] VCB: ✓ 1 dòng
2026-06-19 14:17:13,968 [INFO] VIC: ✓ 1 dòng
2026-06-19 14:17:17,335 [INFO] VHM: ✓ 1 dòng
2026-06-19 14:17:20,746 [INFO] HPG: ✓ 1 dòng
2026-06-19 14:17:24,415 [INFO] TCB: ✓ 1 dòng
2026-06-19 14:17:28,546 [INFO] MBB: ✓ 1 dòng
2026-06-19 14:17:32,228 [INFO] VNM: ✓ 1 dòng
2026-06-19 14:17:35,278 [INFO] FPT: ✓ 1 dòng
2026-06-19 14:17:38,981 [INFO] MSN: ✓ 1 dòng
2026-06-19 14:17:42,662 [INFO] BID: ✓ 1 dòng
2026-06-19 14:17:42,662 [INFO] === Xong: 10/10 tickers | 10 dòng mới ===
2026-06-22 15:58:24,255 [INFO] Fetch từ 2026-06-19 → 2026-06-21
2026-06-22 15:58:24,696 [INFO] Failed to extract font properties from /usr/share/fonts/truetype/noto/NotoColorEmoji.ttf: Non-scalable fonts are not supported
2026-06-22 15:58:24,860 [INFO] generated new fontManager
2026-06-22 15:58:27,634 [INFO] Device registered: cc9b515b87c708403a2353e79a67424b (version 0.0.1)
2026-06-22 15:58:34,461 [INFO] VCB: ✓ 1 dòng
2026-06-22 15:58:37,782 [INFO] VIC: ✓ 1 dòng
2026-06-22 15:58:41,161 [INFO] VHM: ✓ 1 dòng
2026-06-22 15:58:44,653 [INFO] HPG: ✓ 1 dòng
2026-06-22 15:58:48,343 [INFO] TCB: ✓ 1 dòng
2026-06-22 15:58:52,320 [INFO] MBB: ✓ 1 dòng
2026-06-22 15:58:55,624 [INFO] VNM: ✓ 1 dòng
2026-06-22 15:59:00,138 [INFO] FPT: ✓ 1 dòng
2026-06-22 15:59:04,291 [INFO] MSN: ✓ 1 dòng
2026-06-22 15:59:07,578 [INFO] BID: ✓ 1 dòng
2026-06-22 15:59:07,578 [INFO] === Xong: 10/10 tickers | 10 dòng mới ===
2026-06-23 13:45:14,863 [INFO] Fetch từ 2026-06-20 → 2026-06-22
2026-06-23 13:45:16,873 [INFO] Failed to extract font properties from /usr/share/fonts/truetype/noto/NotoColorEmoji.ttf: Non-scalable fonts are not supported
2026-06-23 13:45:17,240 [INFO] generated new fontManager
2026-06-23 13:45:21,033 [INFO] Device registered: cc9b515b87c708403a2353e79a67424b (version 0.0.1)
2026-06-23 13:45:28,932 [INFO] VCB: ✓ 1 dòng
2026-06-23 13:45:33,116 [INFO] VIC: ✓ 1 dòng
2026-06-23 13:45:36,862 [INFO] VHM: ✓ 1 dòng
2026-06-23 13:45:40,990 [INFO] HPG: ✓ 1 dòng
2026-06-23 13:45:44,890 [INFO] TCB: ✓ 1 dòng
2026-06-23 13:45:48,220 [INFO] MBB: ✓ 1 dòng
2026-06-23 13:45:51,577 [INFO] VNM: ✓ 1 dòng
2026-06-23 13:45:55,902 [INFO] FPT: ✓ 1 dòng
2026-06-23 13:45:59,780 [INFO] MSN: ✓ 1 dòng
2026-06-23 13:46:03,604 [INFO] BID: ✓ 1 dòng
2026-06-23 13:46:03,604 [INFO] === Xong: 10/10 tickers | 10 dòng mới ===
2026-06-24 13:26:16,674 [INFO] Fetch từ 2026-06-23 → 2026-06-23
2026-06-24 13:26:17,139 [INFO] Failed to extract font properties from /usr/share/fonts/truetype/noto/NotoColorEmoji.ttf: Non-scalable fonts are not supported
2026-06-24 13:26:17,177 [INFO] generated new fontManager
2026-06-24 13:26:20,259 [INFO] Device registered: cc9b515b87c708403a2353e79a67424b (version 0.0.1)
2026-06-24 13:26:27,049 [INFO] VCB: ✓ 1 dòng
2026-06-24 13:26:31,054 [INFO] VIC: ✓ 1 dòng
2026-06-24 13:26:34,346 [INFO] VHM: ✓ 1 dòng
2026-06-24 13:26:38,248 [INFO] HPG: ✓ 1 dòng
2026-06-24 13:26:42,709 [INFO] TCB: ✓ 1 dòng
2026-06-24 13:26:46,402 [INFO] MBB: ✓ 1 dòng
2026-06-24 13:26:49,997 [INFO] VNM: ✓ 1 dòng
2026-06-24 13:26:53,688 [INFO] FPT: ✓ 1 dòng
2026-06-24 13:26:57,345 [INFO] MSN: ✓ 1 dòng
2026-06-24 13:27:00,501 [INFO] BID: ✓ 1 dòng
2026-06-24 13:27:00,501 [INFO] === Xong: 10/10 tickers | 10 dòng mới ===
2026-06-25 13:23:15,704 [INFO] Fetch từ 2026-06-24 → 2026-06-24
2026-06-25 13:23:16,125 [INFO] Failed to extract font properties from /usr/share/fonts/truetype/noto/NotoColorEmoji.ttf: Non-scalable fonts are not supported
2026-06-25 13:23:16,183 [INFO] generated new fontManager
2026-06-25 13:23:18,815 [INFO] Device registered: 8bf402979f6c2196cf32d8b93136949c (version 0.0.1)
2026-06-25 13:23:25,867 [INFO] VCB: ✓ 1 dòng
2026-06-25 13:23:29,539 [INFO] VIC: ✓ 1 dòng
2026-06-25 13:23:33,271 [INFO] VHM: ✓ 1 dòng
2026-06-25 13:23:36,496 [INFO] HPG: ✓ 1 dòng
2026-06-25 13:23:39,275 [INFO] TCB: ✓ 1 dòng
2026-06-25 13:23:42,551 [INFO] MBB: ✓ 1 dòng
2026-06-25 13:23:45,557 [INFO] VNM: ✓ 1 dòng
2026-06-25 13:23:48,950 [INFO] FPT: ✓ 1 dòng
2026-06-25 13:23:52,045 [INFO] MSN: ✓ 1 dòng
2026-06-25 13:23:55,213 [INFO] BID: ✓ 1 dòng
2026-06-25 13:23:55,213 [INFO] === Xong: 10/10 tickers | 10 dòng mới ===
2026-06-26 13:15:35,911 [INFO] Fetch từ 2026-06-25 → 2026-06-25
2026-06-26 13:15:37,123 [INFO] Failed to extract font properties from /usr/share/fonts/truetype/noto/NotoColorEmoji.ttf: Non-scalable fonts are not supported
2026-06-26 13:15:37,582 [INFO] generated new fontManager
2026-06-26 13:15:39,612 [INFO] Device registered: 8bf402979f6c2196cf32d8b93136949c (version 0.0.1)
2026-06-26 13:15:45,503 [INFO] VCB: ✓ 1 dòng
2026-06-26 13:15:49,011 [INFO] VIC: ✓ 1 dòng
2026-06-26 13:15:52,756 [INFO] VHM: ✓ 1 dòng
2026-06-26 13:15:55,861 [INFO] HPG: ✓ 1 dòng
2026-06-26 13:15:59,480 [INFO] TCB: ✓ 1 dòng
2026-06-26 13:16:03,223 [INFO] MBB: ✓ 1 dòng
2026-06-26 13:16:06,986 [INFO] VNM: ✓ 1 dòng
2026-06-26 13:16:10,329 [INFO] FPT: ✓ 1 dòng
2026-06-26 13:16:14,457 [INFO] MSN: ✓ 1 dòng
2026-06-26 13:16:17,607 [INFO] BID: ✓ 1 dòng
2026-06-26 13:16:17,607 [INFO] === Xong: 10/10 tickers | 10 dòng mới ===
2026-06-29 14:50:19,063 [INFO] Fetch từ 2026-06-26 → 2026-06-28
2026-06-29 14:50:19,810 [INFO] Failed to extract font properties from /usr/share/fonts/truetype/noto/NotoColorEmoji.ttf: Non-scalable fonts are not supported
2026-06-29 14:50:20,248 [INFO] generated new fontManager
2026-06-29 14:50:23,765 [INFO] Device registered: 8bf402979f6c2196cf32d8b93136949c (version 0.0.1)
2026-06-29 14:50:31,970 [INFO] VCB: ✓ 1 dòng
2026-06-29 14:50:36,240 [INFO] VIC: ✓ 1 dòng
2026-06-29 14:50:40,149 [INFO] VHM: ✓ 1 dòng
2026-06-29 14:50:45,014 [INFO] HPG: ✓ 1 dòng
2026-06-29 14:50:49,649 [INFO] TCB: ✓ 1 dòng
2026-06-29 14:50:53,337 [INFO] MBB: ✓ 1 dòng
2026-06-29 14:50:58,120 [INFO] VNM: ✓ 1 dòng
2026-06-29 14:51:02,620 [INFO] FPT: ✓ 1 dòng
2026-06-29 14:51:06,838 [INFO] MSN: ✓ 1 dòng
2026-06-29 14:51:10,601 [INFO] BID: ✓ 1 dòng
2026-06-29 14:51:10,602 [INFO] === Xong: 10/10 tickers | 10 dòng mới ===
2026-06-30 13:11:13,525 [INFO] Fetch từ 2026-06-27 → 2026-06-29
2026-06-30 13:11:14,016 [INFO] Failed to extract font properties from /usr/share/fonts/truetype/noto/NotoColorEmoji.ttf: Non-scalable fonts are not supported
2026-06-30 13:11:14,566 [INFO] generated new fontManager
2026-06-30 13:11:18,131 [INFO] Device registered: 8bf402979f6c2196cf32d8b93136949c (version 0.0.1)
2026-06-30 13:11:26,247 [INFO] VCB: ✓ 1 dòng
2026-06-30 13:11:30,878 [INFO] VIC: ✓ 1 dòng
2026-06-30 13:11:35,352 [INFO] VHM: ✓ 1 dòng
2026-06-30 13:11:40,044 [INFO] HPG: ✓ 1 dòng
2026-06-30 13:11:44,803 [INFO] TCB: ✓ 1 dòng
2026-06-30 13:11:48,771 [INFO] MBB: ✓ 1 dòng
2026-06-30 13:11:52,811 [INFO] VNM: ✓ 1 dòng
2026-06-30 13:11:57,332 [INFO] FPT: ✓ 1 dòng
2026-06-30 13:12:01,482 [INFO] MSN: ✓ 1 dòng
2026-06-30 13:12:05,668 [INFO] BID: ✓ 1 dòng
2026-06-30 13:12:05,668 [INFO] === Xong: 10/10 tickers | 10 dòng mới ===
2026-07-01 13:37:17,236 [INFO] Fetch từ 2026-06-30 → 2026-06-30
2026-07-01 13:37:18,087 [INFO] Failed to extract font properties from /usr/share/fonts/truetype/noto/NotoColorEmoji.ttf: Non-scalable fonts are not supported
2026-07-01 13:37:18,768 [INFO] generated new fontManager
2026-07-01 13:37:23,109 [INFO] Device registered: 82b55828572c86a41d01c77f615983de (version 0.0.1)
2026-07-01 13:37:31,629 [INFO] VCB: ✓ 1 dòng
2026-07-01 13:37:35,990 [INFO] VIC: ✓ 1 dòng
2026-07-01 13:37:41,120 [INFO] VHM: ✓ 1 dòng
2026-07-01 13:37:45,425 [INFO] HPG: ✓ 1 dòng
2026-07-01 13:37:50,140 [INFO] TCB: ✓ 1 dòng
2026-07-01 13:37:54,704 [INFO] MBB: ✓ 1 dòng
2026-07-01 13:37:59,031 [INFO] VNM: ✓ 1 dòng
2026-07-01 13:38:03,378 [INFO] FPT: ✓ 1 dòng
2026-07-01 13:38:07,859 [INFO] MSN: ✓ 1 dòng
2026-07-01 13:38:12,512 [INFO] BID: ✓ 1 dòng
2026-07-01 13:38:12,512 [INFO] === Xong: 10/10 tickers | 10 dòng mới ===
2026-07-02 13:02:17,773 [INFO] Fetch từ 2026-07-01 → 2026-07-01
2026-07-02 13:02:19,087 [INFO] Failed to extract font properties from /usr/share/fonts/truetype/noto/NotoColorEmoji.ttf: Non-scalable fonts are not supported
2026-07-02 13:02:19,792 [INFO] generated new fontManager
2026-07-02 13:02:22,506 [INFO] Device registered: 82b55828572c86a41d01c77f615983de (version 0.0.1)
2026-07-02 13:02:29,149 [INFO] VCB: ✓ 1 dòng
2026-07-02 13:02:32,925 [INFO] VIC: ✓ 1 dòng
2026-07-02 13:02:37,176 [INFO] VHM: ✓ 1 dòng
2026-07-02 13:02:40,581 [INFO] HPG: ✓ 1 dòng
2026-07-02 13:02:43,640 [INFO] TCB: ✓ 1 dòng
2026-07-02 13:02:46,932 [INFO] MBB: ✓ 1 dòng
2026-07-02 13:02:49,745 [INFO] VNM: ✓ 1 dòng
2026-07-02 13:02:53,049 [INFO] FPT: ✓ 1 dòng
2026-07-02 13:02:56,308 [INFO] MSN: ✓ 1 dòng
2026-07-02 13:03:00,672 [INFO] BID: ✓ 1 dòng
2026-07-02 13:03:00,672 [INFO] === Xong: 10/10 tickers | 10 dòng mới ===
2026-07-03 13:01:22,849 [INFO] Fetch từ 2026-07-02 → 2026-07-02
2026-07-03 13:01:23,209 [INFO] Failed to extract font properties from /usr/share/fonts/truetype/noto/NotoColorEmoji.ttf: Non-scalable fonts are not supported
2026-07-03 13:01:23,271 [INFO] generated new fontManager
2026-07-03 13:01:27,263 [INFO] Device registered: 82b55828572c86a41d01c77f615983de (version 0.0.1)
2026-07-03 13:01:34,844 [INFO] VCB: ✓ 1 dòng
2026-07-03 13:01:39,777 [INFO] VIC: ✓ 1 dòng
2026-07-03 13:01:44,360 [INFO] VHM: ✓ 1 dòng
2026-07-03 13:01:49,225 [INFO] HPG: ✓ 1 dòng
2026-07-03 13:01:54,250 [INFO] TCB: ✓ 1 dòng
2026-07-03 13:02:00,214 [INFO] MBB: ✓ 1 dòng
2026-07-03 13:02:04,879 [INFO] VNM: ✓ 1 dòng
2026-07-03 13:02:08,847 [INFO] FPT: ✓ 1 dòng
2026-07-03 13:02:13,238 [INFO] MSN: ✓ 1 dòng
2026-07-03 13:02:18,084 [INFO] BID: ✓ 1 dòng
2026-07-03 13:02:18,085 [INFO] === Xong: 10/10 tickers | 10 dòng mới ===
2026-07-06 14:31:51,642 [INFO] Fetch từ 2026-07-03 → 2026-07-05
2026-07-06 14:31:52,021 [INFO] Failed to extract font properties from /usr/share/fonts/truetype/noto/NotoColorEmoji.ttf: Non-scalable fonts are not supported
2026-07-06 14:31:52,213 [INFO] generated new fontManager
2026-07-06 14:31:55,560 [INFO] Device registered: 82b55828572c86a41d01c77f615983de (version 0.0.1)
2026-07-06 14:32:12,942 [INFO] VCB: ✓ 1 dòng
2026-07-06 14:32:17,247 [INFO] VIC: ✓ 1 dòng
2026-07-06 14:32:22,532 [INFO] VHM: ✓ 1 dòng
2026-07-06 14:32:26,782 [INFO] HPG: ✓ 1 dòng
2026-07-06 14:32:31,999 [INFO] TCB: ✓ 1 dòng
2026-07-06 14:32:36,335 [INFO] MBB: ✓ 1 dòng
2026-07-06 14:32:41,330 [INFO] VNM: ✓ 1 dòng
2026-07-06 14:32:45,907 [INFO] FPT: ✓ 1 dòng
2026-07-06 14:32:50,119 [INFO] MSN: ✓ 1 dòng
2026-07-06 14:32:54,690 [INFO] BID: ✓ 1 dòng
2026-07-06 14:32:54,690 [INFO] === Xong: 10/10 tickers | 10 dòng mới ===
2026-07-07 13:23:59,424 [INFO] Fetch từ 2026-07-04 → 2026-07-06
2026-07-07 13:24:00,223 [INFO] Failed to extract font properties from /usr/share/fonts/truetype/noto/NotoColorEmoji.ttf: Non-scalable fonts are not supported
2026-07-07 13:24:00,777 [INFO] generated new fontManager
2026-07-07 13:24:05,040 [INFO] Device registered: 82b55828572c86a41d01c77f615983de (version 0.0.1)
2026-07-07 13:24:12,649 [INFO] VCB: ✓ 1 dòng
2026-07-07 13:24:17,430 [INFO] VIC: ✓ 1 dòng
2026-07-07 13:24:22,086 [INFO] VHM: ✓ 1 dòng
2026-07-07 13:24:26,417 [INFO] HPG: ✓ 1 dòng
2026-07-07 13:24:31,189 [INFO] TCB: ✓ 1 dòng
2026-07-07 13:24:35,838 [INFO] MBB: ✓ 1 dòng
2026-07-07 13:24:40,068 [INFO] VNM: ✓ 1 dòng
2026-07-07 13:24:44,927 [INFO] FPT: ✓ 1 dòng
2026-07-07 13:24:50,114 [INFO] MSN: ✓ 1 dòng
2026-07-07 13:24:54,549 [INFO] BID: ✓ 1 dòng
2026-07-07 13:24:54,550 [INFO] === Xong: 10/10 tickers | 10 dòng mới ===
2026-07-08 12:26:29,204 [INFO] Fetch từ 2026-07-07 → 2026-07-07
2026-07-08 12:26:30,563 [INFO] Failed to extract font properties from /usr/share/fonts/truetype/noto/NotoColorEmoji.ttf: Non-scalable fonts are not supported
2026-07-08 12:26:31,649 [INFO] generated new fontManager
2026-07-08 12:26:34,940 [INFO] Device registered: e8be76e26e58158bf8e213acf51c5ae5 (version 0.0.1)
2026-07-08 12:26:40,769 [INFO] VCB: ✓ 1 dòng
2026-07-08 12:26:43,751 [INFO] VIC: ✓ 1 dòng
2026-07-08 12:26:46,688 [INFO] VHM: ✓ 1 dòng
2026-07-08 12:26:50,188 [INFO] HPG: ✓ 1 dòng
2026-07-08 12:26:53,399 [INFO] TCB: ✓ 1 dòng
2026-07-08 12:26:57,050 [INFO] MBB: ✓ 1 dòng
2026-07-08 12:27:00,375 [INFO] VNM: ✓ 1 dòng
2026-07-08 12:27:03,641 [INFO] FPT: ✓ 1 dòng
2026-07-08 12:27:07,106 [INFO] MSN: ✓ 1 dòng
2026-07-08 12:27:10,556 [INFO] BID: ✓ 1 dòng
2026-07-08 12:27:10,556 [INFO] === Xong: 10/10 tickers | 10 dòng mới ===
2026-07-09 13:52:15,374 [INFO] Fetch từ 2026-07-08 → 2026-07-08
2026-07-09 13:52:15,750 [INFO] Failed to extract font properties from /usr/share/fonts/truetype/noto/NotoColorEmoji.ttf: Non-scalable fonts are not supported
2026-07-09 13:52:15,817 [INFO] generated new fontManager
2026-07-09 13:52:18,157 [INFO] Device registered: 82b55828572c86a41d01c77f615983de (version 0.0.1)
2026-07-09 13:52:24,816 [INFO] VCB: ✓ 1 dòng
2026-07-09 13:52:28,257 [INFO] VIC: ✓ 1 dòng
2026-07-09 13:52:31,758 [INFO] VHM: ✓ 1 dòng
2026-07-09 13:52:35,487 [INFO] HPG: ✓ 1 dòng
2026-07-09 13:52:38,773 [INFO] TCB: ✓ 1 dòng
2026-07-09 13:52:41,894 [INFO] MBB: ✓ 1 dòng
2026-07-09 13:52:45,406 [INFO] VNM: ✓ 1 dòng
2026-07-09 13:52:48,585 [INFO] FPT: ✓ 1 dòng
2026-07-09 13:52:51,927 [INFO] MSN: ✓ 1 dòng
2026-07-09 13:52:55,604 [INFO] BID: ✓ 1 dòng
2026-07-09 13:52:55,604 [INFO] === Xong: 10/10 tickers | 10 dòng mới ===
2026-07-13 13:28:02,470 [INFO] Fetch từ 2026-07-09 → 2026-07-12
2026-07-13 13:28:02,921 [INFO] Failed to extract font properties from /usr/share/fonts/truetype/noto/NotoColorEmoji.ttf: Non-scalable fonts are not supported
2026-07-13 13:28:03,025 [INFO] generated new fontManager
2026-07-13 13:28:06,555 [INFO] Device registered: e8be76e26e58158bf8e213acf51c5ae5 (version 0.0.1)
2026-07-13 13:28:13,206 [INFO] VCB: ✓ 2 dòng
2026-07-13 13:28:16,875 [INFO] VIC: ✓ 2 dòng
2026-07-13 13:28:20,836 [INFO] VHM: ✓ 2 dòng
2026-07-13 13:28:24,118 [INFO] HPG: ✓ 2 dòng
2026-07-13 13:28:27,194 [INFO] TCB: ✓ 2 dòng
2026-07-13 13:28:30,459 [INFO] MBB: ✓ 2 dòng
2026-07-13 13:28:33,356 [INFO] VNM: ✓ 2 dòng
2026-07-13 13:28:36,365 [INFO] FPT: ✓ 2 dòng
2026-07-13 13:28:39,651 [INFO] MSN: ✓ 2 dòng
2026-07-13 13:28:43,255 [INFO] BID: ✓ 2 dòng
2026-07-13 13:28:43,255 [INFO] === Xong: 10/10 tickers | 20 dòng mới ===
2026-07-14 12:19:27,315 [INFO] Fetch từ 2026-07-11 → 2026-07-13
2026-07-14 12:19:27,771 [INFO] Failed to extract font properties from /usr/share/fonts/truetype/noto/NotoColorEmoji.ttf: Non-scalable fonts are not supported
2026-07-14 12:19:27,820 [INFO] generated new fontManager
2026-07-14 12:19:31,934 [INFO] Device registered: e8be76e26e58158bf8e213acf51c5ae5 (version 0.0.1)
2026-07-14 12:19:40,109 [INFO] VCB: ✓ 1 dòng
2026-07-14 12:19:44,785 [INFO] VIC: ✓ 1 dòng
2026-07-14 12:19:48,501 [INFO] VHM: ✓ 1 dòng
2026-07-14 12:19:53,455 [INFO] HPG: ✓ 1 dòng
2026-07-14 12:19:58,022 [INFO] TCB: ✓ 1 dòng
2026-07-14 12:20:03,554 [INFO] MBB: ✓ 1 dòng
2026-07-14 12:20:09,138 [INFO] VNM: ✓ 1 dòng
2026-07-14 12:20:12,595 [INFO] FPT: ✓ 1 dòng
2026-07-14 12:20:16,435 [INFO] MSN: ✓ 1 dòng
2026-07-14 12:20:19,953 [INFO] BID: ✓ 1 dòng
2026-07-14 12:20:19,953 [INFO] === Xong: 10/10 tickers | 10 dòng mới ===
2026-07-15 12:20:18,718 [INFO] Fetch từ 2026-07-14 → 2026-07-14
2026-07-15 12:20:21,385 [INFO] Failed to extract font properties from /usr/share/fonts/truetype/noto/NotoColorEmoji.ttf: Non-scalable fonts are not supported
2026-07-15 12:20:22,115 [INFO] generated new fontManager
2026-07-15 12:20:25,679 [INFO] Device registered: cdee9e98a5e3e3da6b5efc3ffd9e3c38 (version 0.0.1)
2026-07-15 12:20:32,778 [INFO] VCB: ✓ 1 dòng
2026-07-15 12:20:36,672 [INFO] VIC: ✓ 1 dòng
2026-07-15 12:20:40,875 [INFO] VHM: ✓ 1 dòng
2026-07-15 12:20:44,388 [INFO] HPG: ✓ 1 dòng
2026-07-15 12:20:47,272 [INFO] TCB: ✓ 1 dòng
2026-07-15 12:20:50,179 [INFO] MBB: ✓ 1 dòng
2026-07-15 12:20:53,090 [INFO] VNM: ✓ 1 dòng
2026-07-15 12:20:56,206 [INFO] FPT: ✓ 1 dòng
2026-07-15 12:20:59,074 [INFO] MSN: ✓ 1 dòng
2026-07-15 12:21:01,948 [INFO] BID: ✓ 1 dòng
2026-07-15 12:21:01,949 [INFO] === Xong: 10/10 tickers | 10 dòng mới ===
2026-07-16 12:25:08,253 [INFO] Fetch từ 2026-07-15 → 2026-07-15
2026-07-16 12:25:08,788 [INFO] Failed to extract font properties from /usr/share/fonts/truetype/noto/NotoColorEmoji.ttf: Non-scalable fonts are not supported
2026-07-16 12:25:08,918 [INFO] generated new fontManager
2026-07-16 12:25:12,343 [INFO] Device registered: cdee9e98a5e3e3da6b5efc3ffd9e3c38 (version 0.0.1)
2026-07-16 12:25:20,758 [INFO] VCB: ✓ 1 dòng
2026-07-16 12:25:25,824 [INFO] VIC: ✓ 1 dòng
2026-07-16 12:25:30,038 [INFO] VHM: ✓ 1 dòng
2026-07-16 12:25:34,387 [INFO] HPG: ✓ 1 dòng
2026-07-16 12:25:38,705 [INFO] TCB: ✓ 1 dòng
2026-07-16 12:25:43,587 [INFO] MBB: ✓ 1 dòng
2026-07-16 12:25:48,272 [INFO] VNM: ✓ 1 dòng
2026-07-16 12:25:52,415 [INFO] FPT: ✓ 1 dòng
2026-07-16 12:25:56,338 [INFO] MSN: ✓ 1 dòng
2026-07-16 12:26:00,179 [INFO] BID: ✓ 1 dòng
2026-07-16 12:26:00,179 [INFO] === Xong: 10/10 tickers | 10 dòng mới ===
2026-07-17 12:16:01,785 [INFO] Fetch từ 2026-07-16 → 2026-07-16
2026-07-17 12:16:02,363 [INFO] Failed to extract font properties from /usr/share/fonts/truetype/noto/NotoColorEmoji.ttf: Non-scalable fonts are not supported
2026-07-17 12:16:02,611 [INFO] generated new fontManager
2026-07-17 12:16:05,248 [INFO] Device registered: cdee9e98a5e3e3da6b5efc3ffd9e3c38 (version 0.0.1)
2026-07-17 12:16:10,918 [INFO] VCB: ✓ 1 dòng
2026-07-17 12:16:14,683 [INFO] VIC: ✓ 1 dòng
2026-07-17 12:16:17,665 [INFO] VHM: ✓ 1 dòng
2026-07-17 12:16:20,700 [INFO] HPG: ✓ 1 dòng
2026-07-17 12:16:23,450 [INFO] TCB: ✓ 1 dòng
2026-07-17 12:16:26,454 [INFO] MBB: ✓ 1 dòng
2026-07-17 12:16:29,456 [INFO] VNM: ✓ 1 dòng
2026-07-17 12:16:32,234 [INFO] FPT: ✓ 1 dòng
2026-07-17 12:16:35,185 [INFO] MSN: ✓ 1 dòng
2026-07-17 12:16:38,470 [INFO] BID: ✓ 1 dòng
2026-07-17 12:16:38,471 [INFO] === Xong: 10/10 tickers | 10 dòng mới ===
2026-07-20 13:11:27,922 [INFO] Fetch từ 2026-07-17 → 2026-07-19
2026-07-20 13:11:29,353 [INFO] Failed to extract font properties from /usr/share/fonts/truetype/noto/NotoColorEmoji.ttf: Non-scalable fonts are not supported
2026-07-20 13:11:29,435 [INFO] generated new fontManager
2026-07-20 13:11:32,973 [INFO] Device registered: cdee9e98a5e3e3da6b5efc3ffd9e3c38 (version 0.0.1)
2026-07-20 13:11:39,677 [INFO] VCB: ✓ 1 dòng
2026-07-20 13:11:43,316 [INFO] VIC: ✓ 1 dòng
2026-07-20 13:11:46,675 [INFO] VHM: ✓ 1 dòng
2026-07-20 13:11:50,756 [INFO] HPG: ✓ 1 dòng
2026-07-20 13:11:53,911 [INFO] TCB: ✓ 1 dòng
2026-07-20 13:11:56,955 [INFO] MBB: ✓ 1 dòng
2026-07-20 13:12:00,385 [INFO] VNM: ✓ 1 dòng
2026-07-20 13:12:03,740 [INFO] FPT: ✓ 1 dòng
2026-07-20 13:12:06,897 [INFO] MSN: ✓ 1 dòng
2026-07-20 13:12:10,608 [INFO] BID: ✓ 1 dòng
2026-07-20 13:12:10,608 [INFO] === Xong: 10/10 tickers | 10 dòng mới ===
2026-07-21 12:27:22,306 [INFO] Fetch từ 2026-07-18 → 2026-07-20
2026-07-21 12:27:23,308 [INFO] Failed to extract font properties from /usr/share/fonts/truetype/noto/NotoColorEmoji.ttf: Non-scalable fonts are not supported
2026-07-21 12:27:23,595 [INFO] generated new fontManager
2026-07-21 12:27:25,828 [INFO] Device registered: cdee9e98a5e3e3da6b5efc3ffd9e3c38 (version 0.0.1)
2026-07-21 12:27:30,908 [INFO] VCB: ✓ 1 dòng
2026-07-21 12:27:33,830 [INFO] VIC: ✓ 1 dòng
2026-07-21 12:27:36,476 [INFO] VHM: ✓ 1 dòng
2026-07-21 12:27:39,252 [INFO] HPG: ✓ 1 dòng
2026-07-21 12:27:41,981 [INFO] TCB: ✓ 1 dòng
2026-07-21 12:27:44,340 [INFO] MBB: ✓ 1 dòng
2026-07-21 12:27:47,122 [INFO] VNM: ✓ 1 dòng
2026-07-21 12:27:49,871 [INFO] FPT: ✓ 1 dòng
2026-07-21 12:27:52,394 [INFO] MSN: ✓ 1 dòng
2026-07-21 12:27:55,521 [INFO] BID: ✓ 1 dòng
2026-07-21 12:27:55,522 [INFO] === Xong: 10/10 tickers | 10 dòng mới ===
2026-07-22 12:43:41,140 [INFO] Fetch từ 2026-07-21 → 2026-07-21
2026-07-22 12:43:41,658 [INFO] Failed to extract font properties from /usr/share/fonts/truetype/noto/NotoColorEmoji.ttf: Non-scalable fonts are not supported
2026-07-22 12:43:41,678 [INFO] generated new fontManager
2026-07-22 12:43:44,809 [INFO] Device registered: cdee9e98a5e3e3da6b5efc3ffd9e3c38 (version 0.0.1)
2026-07-22 12:43:50,760 [INFO] VCB: ✓ 1 dòng
2026-07-22 12:43:53,974 [INFO] VIC: ✓ 1 dòng
2026-07-22 12:43:57,230 [INFO] VHM: ✓ 1 dòng
2026-07-22 12:44:00,849 [INFO] HPG: ✓ 1 dòng
2026-07-22 12:44:03,485 [INFO] TCB: ✓ 1 dòng
2026-07-22 12:44:06,239 [INFO] MBB: ✓ 1 dòng
2026-07-22 12:44:08,689 [INFO] VNM: ✓ 1 dòng
2026-07-22 12:44:11,283 [INFO] FPT: ✓ 1 dòng
2026-07-22 12:44:14,033 [INFO] MSN: ✓ 1 dòng
2026-07-22 12:44:17,453 [INFO] BID: ✓ 1 dòng
2026-07-22 12:44:17,453 [INFO] === Xong: 10/10 tickers | 10 dòng mới ===
2026-07-23 12:44:24,789 [INFO] Fetch từ 2026-07-22 → 2026-07-22
2026-07-23 12:44:25,252 [INFO] Failed to extract font properties from /usr/share/fonts/truetype/noto/NotoColorEmoji.ttf: Non-scalable fonts are not supported
2026-07-23 12:44:25,971 [INFO] generated new fontManager
2026-07-23 12:44:28,857 [INFO] Device registered: cdee9e98a5e3e3da6b5efc3ffd9e3c38 (version 0.0.1)
2026-07-23 12:44:35,615 [INFO] VCB: ✓ 1 dòng
2026-07-23 12:44:39,155 [INFO] VIC: ✓ 1 dòng
2026-07-23 12:44:42,122 [INFO] VHM: ✓ 1 dòng
2026-07-23 12:44:45,223 [INFO] HPG: ✓ 1 dòng
2026-07-23 12:44:47,959 [INFO] TCB: ✓ 1 dòng
2026-07-23 12:44:51,264 [INFO] MBB: ✓ 1 dòng
2026-07-23 12:44:54,516 [INFO] VNM: ✓ 1 dòng
2026-07-23 12:44:57,251 [INFO] FPT: ✓ 1 dòng
2026-07-23 12:45:00,367 [INFO] MSN: ✓ 1 dòng
2026-07-23 12:45:03,352 [INFO] BID: ✓ 1 dòng
2026-07-23 12:45:03,352 [INFO] === Xong: 10/10 tickers | 10 dòng mới ===
2026-07-24 12:23:55,413 [INFO] Fetch từ 2026-07-23 → 2026-07-23
2026-07-24 12:23:55,933 [INFO] Failed to extract font properties from /usr/share/fonts/truetype/noto/NotoColorEmoji.ttf: Non-scalable fonts are not supported
2026-07-24 12:23:55,969 [INFO] generated new fontManager
2026-07-24 12:23:59,537 [INFO] Device registered: 54e2013a3767e629ef5a2af9440722cc (version 0.0.1)
2026-07-24 12:24:08,379 [INFO] VCB: ✓ 1 dòng
2026-07-24 12:24:11,984 [INFO] VIC: ✓ 1 dòng
2026-07-24 12:24:15,425 [INFO] VHM: ✓ 1 dòng
2026-07-24 12:24:18,498 [INFO] HPG: ✓ 1 dòng
2026-07-24 12:24:21,831 [INFO] TCB: ✓ 1 dòng
2026-07-24 12:24:25,258 [INFO] MBB: ✓ 1 dòng
2026-07-24 12:24:28,363 [INFO] VNM: ✓ 1 dòng
2026-07-24 12:24:31,747 [INFO] FPT: ✓ 1 dòng
2026-07-24 12:24:34,809 [INFO] MSN: ✓ 1 dòng
2026-07-24 12:24:38,572 [INFO] BID: ✓ 1 dòng
2026-07-24 12:24:38,572 [INFO] === Xong: 10/10 tickers | 10 dòng mới ===
2026-07-27 13:42:10,896 [INFO] Fetch từ 2026-07-24 → 2026-07-26
2026-07-27 13:42:11,331 [INFO] Failed to extract font properties from /usr/share/fonts/truetype/noto/NotoColorEmoji.ttf: Non-scalable fonts are not supported
2026-07-27 13:42:11,365 [INFO] generated new fontManager
2026-07-27 13:42:13,550 [INFO] Device registered: 54e2013a3767e629ef5a2af9440722cc (version 0.0.1)
2026-07-27 13:42:17,954 [INFO] VCB: ✓ 1 dòng
2026-07-27 13:42:21,470 [INFO] VIC: ✓ 1 dòng
2026-07-27 13:42:24,196 [INFO] VHM: ✓ 1 dòng
2026-07-27 13:42:27,125 [INFO] HPG: ✓ 1 dòng
2026-07-27 13:42:29,811 [INFO] TCB: ✓ 1 dòng
2026-07-27 13:42:32,816 [INFO] MBB: ✓ 1 dòng
2026-07-27 13:42:35,333 [INFO] VNM: ✓ 1 dòng
2026-07-27 13:42:38,140 [INFO] FPT: ✓ 1 dòng
2026-07-27 13:42:40,789 [INFO] MSN: ✓ 1 dòng
2026-07-27 13:42:43,643 [INFO] BID: ✓ 1 dòng
2026-07-27 13:42:43,643 [INFO] === Xong: 10/10 tickers | 10 dòng mới ===
2026-07-28 12:57:54,898 [INFO] Fetch từ 2026-07-25 → 2026-07-27
2026-07-28 12:57:55,301 [INFO] Failed to extract font properties from /usr/share/fonts/truetype/noto/NotoColorEmoji.ttf: Non-scalable fonts are not supported
2026-07-28 12:57:55,372 [INFO] generated new fontManager
2026-07-28 12:57:58,318 [INFO] Device registered: 54e2013a3767e629ef5a2af9440722cc (version 0.0.1)
2026-07-28 12:58:03,663 [INFO] VCB: ✓ 1 dòng
2026-07-28 12:58:07,513 [INFO] VIC: ✓ 1 dòng
2026-07-28 12:58:10,642 [INFO] VHM: ✓ 1 dòng
2026-07-28 12:58:13,218 [INFO] HPG: ✓ 1 dòng
2026-07-28 12:58:16,070 [INFO] TCB: ✓ 1 dòng
2026-07-28 12:58:18,643 [INFO] MBB: ✓ 1 dòng
2026-07-28 12:58:21,451 [INFO] VNM: ✓ 1 dòng
2026-07-28 12:58:23,962 [INFO] FPT: ✓ 1 dòng
2026-07-28 12:58:26,513 [INFO] MSN: ✓ 1 dòng
2026-07-28 12:58:29,548 [INFO] BID: ✓ 1 dòng
2026-07-28 12:58:29,549 [INFO] === Xong: 10/10 tickers | 10 dòng mới ===
2026-07-29 13:05:03,972 [INFO] Fetch từ 2026-07-28 → 2026-07-28
2026-07-29 13:05:05,128 [INFO] Failed to extract font properties from /usr/share/fonts/truetype/noto/NotoColorEmoji.ttf: Non-scalable fonts are not supported
2026-07-29 13:05:05,961 [INFO] generated new fontManager
2026-07-29 13:05:08,723 [INFO] Device registered: 54e2013a3767e629ef5a2af9440722cc (version 0.0.1)
2026-07-29 13:05:13,449 [INFO] VCB: ✓ 1 dòng
2026-07-29 13:05:17,363 [INFO] VIC: ✓ 1 dòng
2026-07-29 13:05:19,958 [INFO] VHM: ✓ 1 dòng
2026-07-29 13:05:22,424 [INFO] HPG: ✓ 1 dòng
2026-07-29 13:05:25,507 [INFO] TCB: ✓ 1 dòng
2026-07-29 13:05:28,363 [INFO] MBB: ✓ 1 dòng
2026-07-29 13:05:30,814 [INFO] VNM: ✓ 1 dòng
2026-07-29 13:05:33,635 [INFO] FPT: ✓ 1 dòng
2026-07-29 13:05:36,560 [INFO] MSN: ✓ 1 dòng
2026-07-29 13:05:40,648 [INFO] BID: ✓ 1 dòng
2026-07-29 13:05:40,648 [INFO] === Xong: 10/10 tickers | 10 dòng mới ===
2026-07-30 12:49:16,409 [INFO] Fetch từ 2026-07-29 → 2026-07-29
2026-07-30 12:49:17,137 [INFO] Failed to extract font properties from /usr/share/fonts/truetype/noto/NotoColorEmoji.ttf: Non-scalable fonts are not supported
2026-07-30 12:49:18,662 [INFO] generated new fontManager
2026-07-30 12:49:21,100 [INFO] Device registered: 54e2013a3767e629ef5a2af9440722cc (version 0.0.1)
2026-07-30 12:49:27,779 [INFO] VCB: ✓ 1 dòng
2026-07-30 12:49:31,496 [INFO] VIC: ✓ 1 dòng
2026-07-30 12:49:34,983 [INFO] VHM: ✓ 1 dòng
2026-07-30 12:49:38,805 [INFO] HPG: ✓ 1 dòng
2026-07-30 12:49:42,097 [INFO] TCB: ✓ 1 dòng
2026-07-30 12:49:45,850 [INFO] MBB: ✓ 1 dòng
2026-07-30 12:49:49,360 [INFO] VNM: ✓ 1 dòng
2026-07-30 12:49:53,648 [INFO] FPT: ✓ 1 dòng
2026-07-30 12:49:58,297 [INFO] MSN: ✓ 1 dòng
2026-07-30 12:50:02,013 [INFO] BID: ✓ 1 dòng
2026-07-30 12:50:02,013 [INFO] === Xong: 10/10 tickers | 10 dòng mới ===
2026-07-31 13:01:37,321 [INFO] Fetch từ 2026-07-30 → 2026-07-30
2026-07-31 13:01:37,637 [INFO] Failed to extract font properties from /usr/share/fonts/truetype/noto/NotoColorEmoji.ttf: Non-scalable fonts are not supported
2026-07-31 13:01:37,689 [INFO] generated new fontManager
2026-07-31 13:01:40,382 [INFO] Device registered: 54e2013a3767e629ef5a2af9440722cc (version 0.0.1)
2026-07-31 13:01:55,869 [ERROR] API request failed: ('Connection aborted.', ConnectionResetError(104, 'Connection reset by peer'))
2026-07-31 13:01:55,869 [ERROR] VCB: Lỗi — API request failed: ('Connection aborted.', ConnectionResetError(104, 'Connection reset by peer'))
2026-07-31 13:02:10,594 [INFO] VIC: ✓ 1 dòng
2026-07-31 13:02:14,832 [INFO] VHM: ✓ 1 dòng
2026-07-31 13:02:19,694 [INFO] HPG: ✓ 1 dòng
2026-07-31 13:02:23,444 [INFO] TCB: ✓ 1 dòng
2026-07-31 13:02:26,886 [INFO] MBB: ✓ 1 dòng
2026-07-31 13:02:30,301 [INFO] VNM: ✓ 1 dòng
2026-07-31 13:02:34,281 [INFO] FPT: ✓ 1 dòng
2026-07-31 13:02:37,369 [INFO] MSN: ✓ 1 dòng
2026-07-31 13:02:41,572 [INFO] BID: ✓ 1 dòng
2026-07-31 13:02:41,572 [INFO] === Xong: 9/10 tickers | 9 dòng mới ===
2026-08-03 13:44:40,568 [INFO] Fetch từ 2026-07-31 → 2026-08-02
2026-08-03 13:44:40,952 [INFO] Failed to extract font properties from /usr/share/fonts/truetype/noto/NotoColorEmoji.ttf: Non-scalable fonts are not supported
2026-08-03 13:44:40,984 [INFO] generated new fontManager
2026-08-03 13:44:44,503 [INFO] Device registered: 54e2013a3767e629ef5a2af9440722cc (version 0.0.1)
2026-08-03 13:44:50,024 [INFO] VCB: ✓ 1 dòng
2026-08-03 13:44:54,216 [INFO] VIC: ✓ 1 dòng
2026-08-03 13:44:59,056 [INFO] VHM: ✓ 1 dòng
2026-08-03 13:45:02,541 [INFO] HPG: ✓ 1 dòng
2026-08-03 13:45:05,849 [INFO] TCB: ✓ 1 dòng
2026-08-03 13:45:09,425 [INFO] MBB: ✓ 1 dòng
2026-08-03 13:45:12,605 [INFO] VNM: ✓ 1 dòng
2026-08-03 13:45:15,867 [INFO] FPT: ✓ 1 dòng
2026-08-03 13:45:33,841 [INFO] MSN: ✓ 1 dòng
2026-08-03 13:45:37,555 [INFO] BID: ✓ 1 dòng
2026-08-03 13:45:37,555 [INFO] === Xong: 10/10 tickers | 10 dòng mới ===
2026-08-04 13:06:16,475 [INFO] Fetch từ 2026-08-01 → 2026-08-03
2026-08-04 13:06:17,329 [INFO] Failed to extract font properties from /usr/share/fonts/truetype/noto/NotoColorEmoji.ttf: Non-scalable fonts are not supported
2026-08-04 13:06:17,842 [INFO] generated new fontManager
2026-08-04 13:06:20,737 [INFO] Device registered: 54e2013a3767e629ef5a2af9440722cc (version 0.0.1)
2026-08-04 13:06:26,848 [INFO] VCB: ✓ 1 dòng
2026-08-04 13:06:30,249 [INFO] VIC: ✓ 1 dòng
2026-08-04 13:06:33,457 [INFO] VHM: ✓ 1 dòng
2026-08-04 13:06:36,748 [INFO] HPG: ✓ 1 dòng
2026-08-04 13:06:39,687 [INFO] TCB: ✓ 1 dòng
2026-08-04 13:06:43,109 [INFO] MBB: ✓ 1 dòng
2026-08-04 13:06:46,031 [INFO] VNM: ✓ 1 dòng
2026-08-04 13:06:49,119 [INFO] FPT: ✓ 1 dòng
2026-08-04 13:06:52,264 [INFO] MSN: ✓ 1 dòng
2026-08-04 13:06:55,699 [INFO] BID: ✓ 1 dòng
2026-08-04 13:06:55,699 [INFO] === Xong: 10/10 tickers | 10 dòng mới ===
2026-08-05 12:59:17,176 [INFO] Fetch từ 2026-08-04 → 2026-08-04
2026-08-05 12:59:18,259 [INFO] Failed to extract font properties from /usr/share/fonts/truetype/noto/NotoColorEmoji.ttf: Non-scalable fonts are not supported
2026-08-05 12:59:18,495 [INFO] generated new fontManager
2026-08-05 12:59:21,307 [INFO] Device registered: 54e2013a3767e629ef5a2af9440722cc (version 0.0.1)
2026-08-05 12:59:28,480 [INFO] VCB: ✓ 1 dòng
2026-08-05 12:59:32,914 [INFO] VIC: ✓ 1 dòng
2026-08-05 12:59:36,901 [INFO] VHM: ✓ 1 dòng
2026-08-05 12:59:41,268 [INFO] HPG: ✓ 1 dòng
2026-08-05 12:59:45,039 [INFO] TCB: ✓ 1 dòng
2026-08-05 12:59:49,214 [INFO] MBB: ✓ 1 dòng
2026-08-05 12:59:53,796 [INFO] VNM: ✓ 1 dòng
2026-08-05 12:59:58,380 [INFO] FPT: ✓ 1 dòng
2026-08-05 13:00:02,521 [INFO] MSN: ✓ 1 dòng
2026-08-05 13:00:07,643 [INFO] BID: ✓ 1 dòng
2026-08-05 13:00:07,643 [INFO] === Xong: 10/10 tickers | 10 dòng mới ===
2026-08-06 13:00:16,998 [INFO] Fetch từ 2026-08-05 → 2026-08-05
2026-08-06 13:00:17,699 [INFO] Failed to extract font properties from /usr/share/fonts/truetype/noto/NotoColorEmoji.ttf: Non-scalable fonts are not supported
2026-08-06 13:00:18,233 [INFO] generated new fontManager
2026-08-06 13:00:21,028 [INFO] Device registered: 54e2013a3767e629ef5a2af9440722cc (version 0.0.1)
2026-08-06 13:00:27,723 [INFO] VCB: ✓ 1 dòng
2026-08-06 13:01:03,583 [INFO] VIC: ✓ 1 dòng
2026-08-06 13:01:09,084 [INFO] VHM: ✓ 1 dòng
2026-08-06 13:01:13,671 [INFO] HPG: ✓ 1 dòng
2026-08-06 13:01:17,414 [INFO] TCB: ✓ 1 dòng
2026-08-06 13:01:21,142 [INFO] MBB: ✓ 1 dòng
2026-08-06 13:01:25,265 [INFO] VNM: ✓ 1 dòng
2026-08-06 13:01:30,146 [INFO] FPT: ✓ 1 dòng
2026-08-06 13:01:34,918 [INFO] MSN: ✓ 1 dòng
2026-08-06 13:01:39,568 [INFO] BID: ✓ 1 dòng
2026-08-06 13:01:39,568 [INFO] === Xong: 10/10 tickers | 10 dòng mới ===
2026-08-07 11:50:27,424 [INFO] Fetch từ 2026-08-06 → 2026-08-06
2026-08-07 11:50:28,288 [INFO] Failed to extract font properties from /usr/share/fonts/truetype/noto/NotoColorEmoji.ttf: Non-scalable fonts are not supported
2026-08-07 11:50:29,625 [INFO] generated new fontManager
2026-08-07 11:50:32,646 [INFO] Device registered: 54e2013a3767e629ef5a2af9440722cc (version 0.0.1)
2026-08-07 11:50:37,805 [INFO] VCB: ✓ 1 dòng
2026-08-07 11:50:40,830 [INFO] VIC: ✓ 1 dòng
2026-08-07 11:50:43,704 [INFO] VHM: ✓ 1 dòng
2026-08-07 11:50:46,592 [INFO] HPG: ✓ 1 dòng
2026-08-07 11:50:49,021 [INFO] TCB: ✓ 1 dòng
2026-08-07 11:50:52,110 [INFO] MBB: ✓ 1 dòng
2026-08-07 11:50:54,496 [INFO] VNM: ✓ 1 dòng
2026-08-07 11:50:56,998 [INFO] FPT: ✓ 1 dòng
2026-08-07 11:50:59,468 [INFO] MSN: ✓ 1 dòng
2026-08-07 11:51:01,909 [INFO] BID: ✓ 1 dòng
2026-08-07 11:51:01,909 [INFO] === Xong: 10/10 tickers | 10 dòng mới ===
2026-08-10 11:53:26,817 [INFO] Fetch từ 2026-08-07 → 2026-08-09
2026-08-10 11:53:27,234 [INFO] Failed to extract font properties from /usr/share/fonts/truetype/noto/NotoColorEmoji.ttf: Non-scalable fonts are not supported
2026-08-10 11:53:27,273 [INFO] generated new fontManager
2026-08-10 11:53:29,392 [INFO] Device registered: 54e2013a3767e629ef5a2af9440722cc (version 0.0.1)
2026-08-10 11:53:57,925 [INFO] VCB: ✓ 1 dòng
2026-08-10 11:54:02,750 [INFO] VIC: ✓ 1 dòng
2026-08-10 11:54:05,511 [INFO] VHM: ✓ 1 dòng
2026-08-10 11:54:08,432 [INFO] HPG: ✓ 1 dòng
2026-08-10 11:54:11,675 [INFO] TCB: ✓ 1 dòng
2026-08-10 11:54:14,260 [INFO] MBB: ✓ 1 dòng
2026-08-10 11:54:17,034 [INFO] VNM: ✓ 1 dòng
2026-08-10 11:54:19,908 [INFO] FPT: ✓ 1 dòng
2026-08-10 11:54:22,270 [INFO] MSN: ✓ 1 dòng
2026-08-10 11:54:25,039 [INFO] BID: ✓ 1 dòng
2026-08-10 11:54:25,040 [INFO] === Xong: 10/10 tickers | 10 dòng mới ===
2026-08-11 11:50:03,528 [INFO] Fetch từ 2026-08-08 → 2026-08-10
2026-08-11 11:50:03,904 [INFO] Failed to extract font properties from /usr/share/fonts/truetype/noto/NotoColorEmoji.ttf: Non-scalable fonts are not supported
2026-08-11 11:50:04,059 [INFO] generated new fontManager
2026-08-11 11:50:06,327 [INFO] Device registered: 54e2013a3767e629ef5a2af9440722cc (version 0.0.1)
2026-08-11 11:50:11,660 [INFO] VCB: ✓ 1 dòng
2026-08-11 11:50:14,649 [INFO] VIC: ✓ 1 dòng
2026-08-11 11:50:17,927 [INFO] VHM: ✓ 1 dòng
2026-08-11 11:50:21,133 [INFO] HPG: ✓ 1 dòng
2026-08-11 11:50:24,080 [INFO] TCB: ✓ 1 dòng
2026-08-11 11:50:27,251 [INFO] MBB: ✓ 1 dòng
2026-08-11 11:50:29,915 [INFO] VNM: ✓ 1 dòng
2026-08-11 11:50:33,059 [INFO] FPT: ✓ 1 dòng
2026-08-11 11:50:36,155 [INFO] MSN: ✓ 1 dòng
2026-08-11 11:50:39,246 [INFO] BID: ✓ 1 dòng
2026-08-11 11:50:39,246 [INFO] === Xong: 10/10 tickers | 10 dòng mới ===
2026-08-12 11:53:29,559 [INFO] Fetch từ 2026-08-11 → 2026-08-11
2026-08-12 11:53:29,987 [INFO] Failed to extract font properties from /usr/share/fonts/truetype/noto/NotoColorEmoji.ttf: Non-scalable fonts are not supported
2026-08-12 11:53:30,067 [INFO] generated new fontManager
2026-08-12 11:53:33,219 [INFO] Device registered: 54e2013a3767e629ef5a2af9440722cc (version 0.0.1)
2026-08-12 11:53:40,966 [INFO] VCB: ✓ 1 dòng
2026-08-12 11:53:46,112 [INFO] VIC: ✓ 1 dòng
2026-08-12 11:53:49,946 [INFO] VHM: ✓ 1 dòng
2026-08-12 11:53:54,638 [INFO] HPG: ✓ 1 dòng
2026-08-12 11:53:59,125 [INFO] TCB: ✓ 1 dòng
2026-08-12 11:54:10,987 [INFO] MBB: ✓ 1 dòng
2026-08-12 11:54:16,897 [INFO] VNM: ✓ 1 dòng
2026-08-12 11:54:35,536 [INFO] FPT: ✓ 1 dòng
2026-08-12 11:54:39,566 [INFO] MSN: ✓ 1 dòng
2026-08-12 11:54:43,058 [INFO] BID: ✓ 1 dòng
2026-08-12 11:54:43,058 [INFO] === Xong: 10/10 tickers | 10 dòng mới ===
2026-08-13 11:53:35,553 [INFO] Fetch từ 2026-08-12 → 2026-08-12
2026-08-13 11:53:36,083 [INFO] Failed to extract font properties from /usr/share/fonts/truetype/noto/NotoColorEmoji.ttf: Non-scalable fonts are not supported
2026-08-13 11:53:36,100 [INFO] generated new fontManager
2026-08-13 11:53:38,507 [INFO] Device registered: 54e2013a3767e629ef5a2af9440722cc (version 0.0.1)
2026-08-13 11:53:43,939 [INFO] VCB: ✓ 1 dòng
2026-08-13 11:53:47,547 [INFO] VIC: ✓ 1 dòng
2026-08-13 11:53:50,654 [INFO] VHM: ✓ 1 dòng
2026-08-13 11:53:54,114 [INFO] HPG: ✓ 1 dòng
2026-08-13 11:53:56,928 [INFO] TCB: ✓ 1 dòng
2026-08-13 11:53:59,952 [INFO] MBB: ✓ 1 dòng
2026-08-13 11:54:03,089 [INFO] VNM: ✓ 1 dòng
2026-08-13 11:54:05,834 [INFO] FPT: ✓ 1 dòng
2026-08-13 11:54:09,497 [INFO] MSN: ✓ 1 dòng
2026-08-13 11:54:12,990 [INFO] BID: ✓ 1 dòng
2026-08-13 11:54:12,990 [INFO] === Xong: 10/10 tickers | 10 dòng mới ===
2026-08-14 11:50:40,764 [INFO] Fetch từ 2026-08-13 → 2026-08-13
2026-08-14 11:50:42,230 [INFO] Failed to extract font properties from /usr/share/fonts/truetype/noto/NotoColorEmoji.ttf: Non-scalable fonts are not supported
2026-08-14 11:50:42,342 [INFO] generated new fontManager
2026-08-14 11:50:44,624 [INFO] Device registered: cca56bbe7c6ef2789b16be206e2e3b77 (version 0.0.1)
2026-08-14 11:50:49,906 [INFO] VCB: ✓ 1 dòng
2026-08-14 11:50:53,331 [INFO] VIC: ✓ 1 dòng
2026-08-14 11:50:56,436 [INFO] VHM: ✓ 1 dòng
2026-08-14 11:50:59,269 [INFO] HPG: ✓ 1 dòng
2026-08-14 11:51:02,224 [INFO] TCB: ✓ 1 dòng
2026-08-14 11:51:05,512 [INFO] MBB: ✓ 1 dòng
2026-08-14 11:51:07,986 [INFO] VNM: ✓ 1 dòng
2026-08-14 11:51:10,635 [INFO] FPT: ✓ 1 dòng
2026-08-14 11:51:13,014 [INFO] MSN: ✓ 1 dòng
2026-08-14 11:51:15,514 [INFO] BID: ✓ 1 dòng
2026-08-14 11:51:15,514 [INFO] === Xong: 10/10 tickers | 10 dòng mới ===
2026-08-17 11:32:08,208 [INFO] Fetch từ 2026-08-14 → 2026-08-16
2026-08-17 11:32:08,597 [INFO] Failed to extract font properties from /usr/share/fonts/truetype/noto/NotoColorEmoji.ttf: Non-scalable fonts are not supported
2026-08-17 11:32:08,771 [INFO] generated new fontManager
2026-08-17 11:32:11,868 [INFO] Device registered: cca56bbe7c6ef2789b16be206e2e3b77 (version 0.0.1)
2026-08-17 11:32:14,200 [ERROR] VCB: Lỗi — cannot access local variable 'hosting_service' where it is not associated with a value
2026-08-17 11:32:15,414 [ERROR] VIC: Lỗi — cannot access local variable 'hosting_service' where it is not associated with a value
2026-08-17 11:32:16,940 [ERROR] VHM: Lỗi — cannot access local variable 'hosting_service' where it is not associated with a value
2026-08-17 11:32:18,126 [ERROR] HPG: Lỗi — cannot access local variable 'hosting_service' where it is not associated with a value
2026-08-17 11:32:19,304 [ERROR] TCB: Lỗi — cannot access local variable 'hosting_service' where it is not associated with a value
2026-08-17 11:32:20,546 [ERROR] MBB: Lỗi — cannot access local variable 'hosting_service' where it is not associated with a value
2026-08-17 11:32:21,851 [ERROR] VNM: Lỗi — cannot access local variable 'hosting_service' where it is not associated with a value
2026-08-17 11:32:22,600 [ERROR] FPT: Lỗi — cannot access local variable 'hosting_service' where it is not associated with a value
2026-08-17 11:32:23,799 [ERROR] MSN: Lỗi — cannot access local variable 'hosting_service' where it is not associated with a value
2026-08-17 11:32:25,026 [ERROR] BID: Lỗi — cannot access local variable 'hosting_service' where it is not associated with a value
2026-08-17 11:32:25,026 [INFO] === Xong: 0/10 tickers | 0 dòng mới ===
2026-08-18 11:31:53,538 [INFO] Fetch từ 2026-08-14 → 2026-08-17
2026-08-18 11:31:53,906 [INFO] Failed to extract font properties from /usr/share/fonts/truetype/noto/NotoColorEmoji.ttf: Non-scalable fonts are not supported
2026-08-18 11:31:53,971 [INFO] generated new fontManager
2026-08-18 11:31:57,084 [INFO] Device registered: cca56bbe7c6ef2789b16be206e2e3b77 (version 0.0.1)
2026-08-18 11:31:59,074 [ERROR] VCB: Lỗi — cannot access local variable 'hosting_service' where it is not associated with a value
2026-08-18 11:32:00,962 [ERROR] VIC: Lỗi — cannot access local variable 'hosting_service' where it is not associated with a value
2026-08-18 11:32:02,180 [ERROR] VHM: Lỗi — cannot access local variable 'hosting_service' where it is not associated with a value
2026-08-18 11:32:02,963 [ERROR] HPG: Lỗi — cannot access local variable 'hosting_service' where it is not associated with a value
2026-08-18 11:32:04,279 [ERROR] TCB: Lỗi — cannot access local variable 'hosting_service' where it is not associated with a value
2026-08-18 11:32:05,427 [ERROR] MBB: Lỗi — cannot access local variable 'hosting_service' where it is not associated with a value
2026-08-18 11:32:06,696 [ERROR] VNM: Lỗi — cannot access local variable 'hosting_service' where it is not associated with a value
2026-08-18 11:32:07,476 [ERROR] FPT: Lỗi — cannot access local variable 'hosting_service' where it is not associated with a value
2026-08-18 11:32:08,616 [ERROR] MSN: Lỗi — cannot access local variable 'hosting_service' where it is not associated with a value
2026-08-18 11:32:09,802 [ERROR] BID: Lỗi — cannot access local variable 'hosting_service' where it is not associated with a value
2026-08-18 11:32:09,803 [INFO] === Xong: 0/10 tickers | 0 dòng mới ===
2026-08-19 11:31:28,425 [INFO] Fetch từ 2026-08-14 → 2026-08-18
2026-08-19 11:31:29,000 [INFO] Failed to extract font properties from /usr/share/fonts/truetype/noto/NotoColorEmoji.ttf: Non-scalable fonts are not supported
2026-08-19 11:31:29,027 [INFO] generated new fontManager
2026-08-19 11:31:31,872 [INFO] Device registered: cca56bbe7c6ef2789b16be206e2e3b77 (version 0.0.1)
2026-08-19 11:31:34,345 [ERROR] VCB: Lỗi — cannot access local variable 'hosting_service' where it is not associated with a value
2026-08-19 11:31:35,531 [ERROR] VIC: Lỗi — cannot access local variable 'hosting_service' where it is not associated with a value
2026-08-19 11:31:36,688 [ERROR] VHM: Lỗi — cannot access local variable 'hosting_service' where it is not associated with a value
2026-08-19 11:31:38,273 [ERROR] HPG: Lỗi — cannot access local variable 'hosting_service' where it is not associated with a value
2026-08-19 11:31:39,449 [ERROR] TCB: Lỗi — cannot access local variable 'hosting_service' where it is not associated with a value
2026-08-19 11:31:40,653 [ERROR] MBB: Lỗi — cannot access local variable 'hosting_service' where it is not associated with a value
2026-08-19 11:31:41,816 [ERROR] VNM: Lỗi — cannot access local variable 'hosting_service' where it is not associated with a value
2026-08-19 11:31:52,953 [ERROR] FPT: Lỗi — cannot access local variable 'hosting_service' where it is not associated with a value
2026-08-19 11:31:54,165 [ERROR] MSN: Lỗi — cannot access local variable 'hosting_service' where it is not associated with a value
2026-08-19 11:31:54,921 [ERROR] BID: Lỗi — cannot access local variable 'hosting_service' where it is not associated with a value
2026-08-19 11:31:54,922 [INFO] === Xong: 0/10 tickers | 0 dòng mới ===
2026-08-20 11:33:29,371 [INFO] Fetch từ 2026-08-14 → 2026-08-19
2026-08-20 11:33:29,750 [INFO] Failed to extract font properties from /usr/share/fonts/truetype/noto/NotoColorEmoji.ttf: Non-scalable fonts are not supported
2026-08-20 11:33:29,781 [INFO] generated new fontManager
2026-08-20 11:33:32,068 [INFO] Device registered: cca56bbe7c6ef2789b16be206e2e3b77 (version 0.0.1)
2026-08-20 11:33:34,360 [ERROR] VCB: Lỗi — cannot access local variable 'hosting_service' where it is not associated with a value
2026-08-20 11:33:35,243 [ERROR] VIC: Lỗi — cannot access local variable 'hosting_service' where it is not associated with a value
2026-08-20 11:33:36,586 [ERROR] VHM: Lỗi — cannot access local variable 'hosting_service' where it is not associated with a value
2026-08-20 11:33:37,611 [ERROR] HPG: Lỗi — cannot access local variable 'hosting_service' where it is not associated with a value
2026-08-20 11:33:38,534 [ERROR] TCB: Lỗi — cannot access local variable 'hosting_service' where it is not associated with a value
2026-08-20 11:33:39,210 [ERROR] MBB: Lỗi — cannot access local variable 'hosting_service' where it is not associated with a value
2026-08-20 11:33:39,886 [ERROR] VNM: Lỗi — cannot access local variable 'hosting_service' where it is not associated with a value
2026-08-20 11:33:40,952 [ERROR] FPT: Lỗi — cannot access local variable 'hosting_service' where it is not associated with a value
2026-08-20 11:33:41,576 [ERROR] MSN: Lỗi — cannot access local variable 'hosting_service' where it is not associated with a value
2026-08-20 11:33:42,542 [ERROR] BID: Lỗi — cannot access local variable 'hosting_service' where it is not associated with a value
2026-08-20 11:33:42,543 [INFO] === Xong: 0/10 tickers | 0 dòng mới ===
2026-08-21 11:32:52,665 [INFO] Fetch từ 2026-08-14 → 2026-08-20
2026-08-21 11:32:53,082 [INFO] Failed to extract font properties from /usr/share/fonts/truetype/noto/NotoColorEmoji.ttf: Non-scalable fonts are not supported
2026-08-21 11:32:53,166 [INFO] generated new fontManager
2026-08-21 11:32:55,729 [INFO] Device registered: f77044c6775f92046dbbc39bdc8d2296 (version 0.0.1)
2026-08-21 11:33:02,164 [INFO] VCB: ✓ 5 dòng
2026-08-21 11:33:05,741 [INFO] VIC: ✓ 5 dòng
2026-08-21 11:33:09,669 [INFO] VHM: ✓ 5 dòng
2026-08-21 11:33:13,741 [INFO] HPG: ✓ 5 dòng
2026-08-21 11:33:16,909 [INFO] TCB: ✓ 5 dòng
2026-08-21 11:33:20,900 [INFO] MBB: ✓ 5 dòng
2026-08-21 11:33:25,593 [INFO] VNM: ✓ 5 dòng
2026-08-21 11:33:28,814 [INFO] FPT: ✓ 5 dòng
2026-08-21 11:33:31,888 [INFO] MSN: ✓ 5 dòng
2026-08-21 11:33:34,961 [INFO] BID: ✓ 5 dòng
2026-08-21 11:33:34,961 [INFO] === Xong: 10/10 tickers | 50 dòng mới ===
2026-08-24 11:35:25,090 [INFO] Fetch từ 2026-08-21 → 2026-08-23
2026-08-24 11:35:25,629 [INFO] Failed to extract font properties from /usr/share/fonts/truetype/noto/NotoColorEmoji.ttf: Non-scalable fonts are not supported
2026-08-24 11:35:25,669 [INFO] generated new fontManager
2026-08-24 11:35:28,701 [INFO] Device registered: f77044c6775f92046dbbc39bdc8d2296 (version 0.0.1)
2026-08-24 11:35:36,359 [INFO] VCB: ✓ 1 dòng
2026-08-24 11:35:40,794 [INFO] VIC: ✓ 1 dòng
2026-08-24 11:35:44,975 [INFO] VHM: ✓ 1 dòng
2026-08-24 11:35:48,752 [INFO] HPG: ✓ 1 dòng
2026-08-24 11:35:52,685 [INFO] TCB: ✓ 1 dòng
2026-08-24 11:35:56,838 [INFO] MBB: ✓ 1 dòng
2026-08-24 11:36:01,886 [INFO] VNM: ✓ 1 dòng
2026-08-24 11:36:07,048 [INFO] FPT: ✓ 1 dòng
2026-08-24 11:36:10,778 [INFO] MSN: ✓ 1 dòng
2026-08-24 11:36:14,488 [INFO] BID: ✓ 1 dòng
2026-08-24 11:36:14,488 [INFO] === Xong: 10/10 tickers | 10 dòng mới ===
2026-08-25 11:34:42,871 [INFO] Fetch từ 2026-08-22 → 2026-08-24
2026-08-25 11:34:43,377 [INFO] Failed to extract font properties from /usr/share/fonts/truetype/noto/NotoColorEmoji.ttf: Non-scalable fonts are not supported
2026-08-25 11:34:43,568 [INFO] generated new fontManager
2026-08-25 11:34:47,110 [INFO] Device registered: f77044c6775f92046dbbc39bdc8d2296 (version 0.0.1)
2026-08-25 11:34:54,617 [INFO] VCB: ✓ 1 dòng
2026-08-25 11:34:59,947 [INFO] VIC: ✓ 1 dòng
2026-08-25 11:35:03,627 [INFO] VHM: ✓ 1 dòng
2026-08-25 11:35:07,122 [INFO] HPG: ✓ 1 dòng
2026-08-25 11:35:11,142 [INFO] TCB: ✓ 1 dòng
2026-08-25 11:35:14,629 [INFO] MBB: ✓ 1 dòng
2026-08-25 11:35:18,597 [INFO] VNM: ✓ 1 dòng
2026-08-25 11:35:23,176 [INFO] FPT: ✓ 1 dòng
2026-08-25 11:35:26,197 [INFO] MSN: ✓ 1 dòng
2026-08-25 11:35:29,540 [INFO] BID: ✓ 1 dòng
2026-08-25 11:35:29,540 [INFO] === Xong: 10/10 tickers | 10 dòng mới ===
2026-08-26 11:35:43,314 [INFO] Fetch từ 2026-08-25 → 2026-08-25
2026-08-26 11:35:44,303 [INFO] Failed to extract font properties from /usr/share/fonts/truetype/noto/NotoColorEmoji.ttf: Non-scalable fonts are not supported
2026-08-26 11:35:44,524 [INFO] generated new fontManager
2026-08-26 11:35:49,242 [INFO] Device registered: a1691119d2049e96ca73e5b8469e5a77 (version 0.0.1)
2026-08-26 11:35:56,516 [INFO] VCB: ✓ 1 dòng
2026-08-26 11:36:02,218 [INFO] VIC: ✓ 1 dòng
2026-08-26 11:36:06,871 [INFO] VHM: ✓ 1 dòng
2026-08-26 11:36:10,993 [INFO] HPG: ✓ 1 dòng
2026-08-26 11:36:14,503 [INFO] TCB: ✓ 1 dòng
2026-08-26 11:36:21,085 [INFO] MBB: ✓ 1 dòng
2026-08-26 11:36:26,496 [INFO] VNM: ✓ 1 dòng
2026-08-26 11:36:31,166 [INFO] FPT: ✓ 1 dòng
2026-08-26 11:36:34,896 [INFO] MSN: ✓ 1 dòng
2026-08-26 11:36:39,162 [INFO] BID: ✓ 1 dòng
2026-08-26 11:36:39,162 [INFO] === Xong: 10/10 tickers | 10 dòng mới ===
2026-08-27 20:57:37,607 [INFO] Fetch từ 2026-08-26 → 2026-08-26
2026-08-27 20:57:38,146 [INFO] Failed to extract font properties from /usr/share/fonts/truetype/noto/NotoColorEmoji.ttf: Non-scalable fonts are not supported
2026-08-27 20:57:38,274 [INFO] generated new fontManager
2026-08-27 20:57:41,231 [INFO] Device registered: a1691119d2049e96ca73e5b8469e5a77 (version 0.0.1)
2026-08-27 20:57:48,108 [INFO] VCB: ✓ 1 dòng
2026-08-27 20:57:52,658 [INFO] VIC: ✓ 1 dòng
2026-08-27 20:57:57,274 [INFO] VHM: ✓ 1 dòng
2026-08-27 20:58:01,916 [INFO] HPG: ✓ 1 dòng
2026-08-27 20:58:05,690 [INFO] TCB: ✓ 1 dòng
2026-08-27 20:58:10,793 [INFO] MBB: ✓ 1 dòng
2026-08-27 20:58:14,329 [INFO] VNM: ✓ 1 dòng
2026-08-27 20:58:18,841 [INFO] FPT: ✓ 1 dòng
2026-08-27 20:58:22,796 [INFO] MSN: ✓ 1 dòng
2026-08-27 20:58:26,401 [INFO] BID: ✓ 1 dòng
2026-08-27 20:58:26,401 [INFO] === Xong: 10/10 tickers | 10 dòng mới ===
2026-08-28 21:20:53,155 [INFO] Fetch từ 2026-08-27 → 2026-08-27
2026-08-28 21:20:53,714 [INFO] Failed to extract font properties from /usr/share/fonts/truetype/noto/NotoColorEmoji.ttf: Non-scalable fonts are not supported
2026-08-28 21:20:53,740 [INFO] generated new fontManager
2026-08-28 21:20:55,887 [INFO] Device registered: a1691119d2049e96ca73e5b8469e5a77 (version 0.0.1)
2026-08-28 21:21:01,785 [INFO] VCB: ✓ 1 dòng
2026-08-28 21:21:05,156 [INFO] VIC: ✓ 1 dòng
2026-08-28 21:21:08,389 [INFO] VHM: ✓ 1 dòng
2026-08-28 21:21:11,771 [INFO] HPG: ✓ 1 dòng
2026-08-28 21:21:14,525 [INFO] TCB: ✓ 1 dòng
2026-08-28 21:21:17,330 [INFO] MBB: ✓ 1 dòng
2026-08-28 21:21:20,093 [INFO] VNM: ✓ 1 dòng
2026-08-28 21:21:23,161 [INFO] FPT: ✓ 1 dòng
2026-08-28 21:21:26,856 [INFO] MSN: ✓ 1 dòng
2026-08-28 21:21:30,112 [INFO] BID: ✓ 1 dòng
2026-08-28 21:21:30,112 [INFO] === Xong: 10/10 tickers | 10 dòng mới ===
2026-08-31 17:57:58,144 [INFO] Fetch từ 2026-08-28 → 2026-08-30
2026-08-31 17:57:58,958 [INFO] Failed to extract font properties from /usr/share/fonts/truetype/noto/NotoColorEmoji.ttf: Non-scalable fonts are not supported
2026-08-31 17:57:59,555 [INFO] generated new fontManager
2026-08-31 17:58:02,292 [INFO] Device registered: a1691119d2049e96ca73e5b8469e5a77 (version 0.0.1)
2026-08-31 17:58:08,012 [INFO] VCB: ✓ 1 dòng
2026-08-31 17:58:11,754 [INFO] VIC: ✓ 1 dòng
2026-08-31 17:58:14,755 [INFO] VHM: ✓ 1 dòng
2026-08-31 17:58:17,782 [INFO] HPG: ✓ 1 dòng
2026-08-31 17:58:21,020 [INFO] TCB: ✓ 1 dòng
2026-08-31 17:58:24,041 [INFO] MBB: ✓ 1 dòng
2026-08-31 17:58:27,056 [INFO] VNM: ✓ 1 dòng
2026-08-31 17:58:29,919 [INFO] FPT: ✓ 1 dòng
2026-08-31 17:58:32,897 [INFO] MSN: ✓ 1 dòng
2026-08-31 17:58:36,249 [INFO] BID: ✓ 1 dòng
2026-08-31 17:58:36,249 [INFO] === Xong: 10/10 tickers | 10 dòng mới ===
2026-09-01 15:26:34,237 [INFO] Fetch từ 2026-08-29 → 2026-08-31
2026-09-01 15:26:35,092 [INFO] Failed to extract font properties from /usr/share/fonts/truetype/noto/NotoColorEmoji.ttf: Non-scalable fonts are not supported
2026-09-01 15:26:35,568 [INFO] generated new fontManager
2026-09-01 15:26:38,540 [INFO] Device registered: a1691119d2049e96ca73e5b8469e5a77 (version 0.0.1)
2026-09-01 15:26:45,234 [WARNING] VCB: Không có data trong khoảng này
2026-09-01 15:26:50,079 [WARNING] VIC: Không có data trong khoảng này
2026-09-01 15:26:53,694 [WARNING] VHM: Không có data trong khoảng này
2026-09-01 15:26:57,713 [WARNING] HPG: Không có data trong khoảng này
2026-09-01 15:27:01,318 [WARNING] TCB: Không có data trong khoảng này
2026-09-01 15:27:05,339 [WARNING] MBB: Không có data trong khoảng này
2026-09-01 15:27:08,967 [WARNING] VNM: Không có data trong khoảng này
2026-09-01 15:27:13,938 [WARNING] FPT: Không có data trong khoảng này
2026-09-01 15:27:18,154 [WARNING] MSN: Không có data trong khoảng này
2026-09-01 15:27:22,115 [WARNING] BID: Không có data trong khoảng này
2026-09-01 15:27:22,115 [INFO] === Xong: 0/10 tickers | 0 dòng mới ===
2026-09-02 15:02:12,181 [INFO] Fetch từ 2026-08-29 → 2026-09-01
2026-09-02 15:02:12,544 [INFO] Failed to extract font properties from /usr/share/fonts/truetype/noto/NotoColorEmoji.ttf: Non-scalable fonts are not supported
2026-09-02 15:02:12,648 [INFO] generated new fontManager
2026-09-02 15:02:15,163 [INFO] Device registered: a1691119d2049e96ca73e5b8469e5a77 (version 0.0.1)
2026-09-02 15:02:20,572 [WARNING] VCB: Không có data trong khoảng này
2026-09-02 15:02:23,851 [WARNING] VIC: Không có data trong khoảng này
2026-09-02 15:02:27,080 [WARNING] VHM: Không có data trong khoảng này
2026-09-02 15:02:29,957 [WARNING] HPG: Không có data trong khoảng này
2026-09-02 15:02:32,954 [WARNING] TCB: Không có data trong khoảng này
2026-09-02 15:02:35,449 [WARNING] MBB: Không có data trong khoảng này
2026-09-02 15:02:38,355 [WARNING] VNM: Không có data trong khoảng này
2026-09-02 15:02:41,116 [WARNING] FPT: Không có data trong khoảng này
2026-09-02 15:02:44,897 [WARNING] MSN: Không có data trong khoảng này
2026-09-02 15:02:47,585 [WARNING] BID: Không có data trong khoảng này
2026-09-02 15:02:47,585 [INFO] === Xong: 0/10 tickers | 0 dòng mới ===
2026-09-03 14:56:42,627 [INFO] Fetch từ 2026-08-29 → 2026-09-02
2026-09-03 14:56:43,562 [INFO] Failed to extract font properties from /usr/share/fonts/truetype/noto/NotoColorEmoji.ttf: Non-scalable fonts are not supported
2026-09-03 14:56:43,913 [INFO] generated new fontManager
2026-09-03 14:56:47,203 [INFO] Device registered: a1691119d2049e96ca73e5b8469e5a77 (version 0.0.1)
2026-09-03 14:56:54,101 [WARNING] VCB: Không có data trong khoảng này
2026-09-03 14:56:58,977 [WARNING] VIC: Không có data trong khoảng này
2026-09-03 14:57:02,858 [WARNING] VHM: Không có data trong khoảng này
2026-09-03 14:57:07,510 [WARNING] HPG: Không có data trong khoảng này
2026-09-03 14:57:12,372 [WARNING] TCB: Không có data trong khoảng này
2026-09-03 14:57:15,815 [WARNING] MBB: Không có data trong khoảng này
2026-09-03 14:57:20,961 [WARNING] VNM: Không có data trong khoảng này
2026-09-03 14:57:27,464 [WARNING] FPT: Không có data trong khoảng này
2026-09-03 14:57:31,529 [WARNING] MSN: Không có data trong khoảng này
2026-09-03 14:57:35,475 [WARNING] BID: Không có data trong khoảng này
2026-09-03 14:57:35,475 [INFO] === Xong: 0/10 tickers | 0 dòng mới ===
2026-09-04 14:53:25,476 [INFO] Fetch từ 2026-08-29 → 2026-09-03
2026-09-04 14:53:26,195 [INFO] Failed to extract font properties from /usr/share/fonts/truetype/noto/NotoColorEmoji.ttf: Non-scalable fonts are not supported
2026-09-04 14:53:26,212 [INFO] generated new fontManager
2026-09-04 14:53:28,903 [INFO] Device registered: 73771c5ea2a9dbf45599cbbbd498368f (version 0.0.1)
2026-09-04 14:53:34,249 [INFO] VCB: ✓ 1 dòng
2026-09-04 14:53:37,419 [INFO] VIC: ✓ 1 dòng
2026-09-04 14:53:40,709 [INFO] VHM: ✓ 1 dòng
2026-09-04 14:53:43,636 [INFO] HPG: ✓ 1 dòng
2026-09-04 14:53:46,283 [INFO] TCB: ✓ 1 dòng
2026-09-04 14:53:48,923 [INFO] MBB: ✓ 1 dòng
2026-09-04 14:53:51,649 [INFO] VNM: ✓ 1 dòng
2026-09-04 14:53:54,321 [INFO] FPT: ✓ 1 dòng
2026-09-04 14:53:56,960 [INFO] MSN: ✓ 1 dòng
2026-09-04 14:54:00,925 [INFO] BID: ✓ 1 dòng
2026-09-04 14:54:00,925 [INFO] === Xong: 10/10 tickers | 10 dòng mới ===
2026-09-07 16:22:03,194 [INFO] Fetch từ 2026-09-04 → 2026-09-06
2026-09-07 16:22:04,418 [INFO] Failed to extract font properties from /usr/share/fonts/truetype/noto/NotoColorEmoji.ttf: Non-scalable fonts are not supported
2026-09-07 16:22:05,014 [INFO] generated new fontManager
2026-09-07 16:22:08,103 [INFO] Device registered: 73771c5ea2a9dbf45599cbbbd498368f (version 0.0.1)
2026-09-07 16:22:13,981 [INFO] VCB: ✓ 1 dòng
2026-09-07 16:22:17,989 [INFO] VIC: ✓ 1 dòng
2026-09-07 16:22:21,934 [INFO] VHM: ✓ 1 dòng
2026-09-07 16:22:25,802 [INFO] HPG: ✓ 1 dòng
2026-09-07 16:22:28,716 [INFO] TCB: ✓ 1 dòng
2026-09-07 16:22:32,037 [INFO] MBB: ✓ 1 dòng
2026-09-07 16:22:35,340 [INFO] VNM: ✓ 1 dòng
2026-09-07 16:22:38,503 [INFO] FPT: ✓ 1 dòng
2026-09-07 16:22:41,412 [INFO] MSN: ✓ 1 dòng
2026-09-07 16:22:46,124 [INFO] BID: ✓ 1 dòng
2026-09-07 16:22:46,124 [INFO] === Xong: 10/10 tickers | 10 dòng mới ===
2026-09-08 15:01:34,654 [INFO] Fetch từ 2026-09-05 → 2026-09-07
2026-09-08 15:01:35,073 [INFO] Failed to extract font properties from /usr/share/fonts/truetype/noto/NotoColorEmoji.ttf: Non-scalable fonts are not supported
2026-09-08 15:01:35,095 [INFO] generated new fontManager
2026-09-08 15:01:37,249 [INFO] Device registered: 73771c5ea2a9dbf45599cbbbd498368f (version 0.0.1)
2026-09-08 15:01:42,168 [INFO] VCB: ✓ 1 dòng
2026-09-08 15:01:45,039 [INFO] VIC: ✓ 1 dòng
2026-09-08 15:01:47,796 [INFO] VHM: ✓ 1 dòng
2026-09-08 15:01:50,398 [INFO] HPG: ✓ 1 dòng
2026-09-08 15:01:52,959 [INFO] TCB: ✓ 1 dòng
2026-09-08 15:01:55,543 [INFO] MBB: ✓ 1 dòng
2026-09-08 15:01:57,963 [INFO] VNM: ✓ 1 dòng
2026-09-08 15:02:00,410 [INFO] FPT: ✓ 1 dòng
2026-09-08 15:02:03,128 [INFO] MSN: ✓ 1 dòng
2026-09-08 15:02:05,538 [INFO] BID: ✓ 1 dòng
2026-09-08 15:02:05,538 [INFO] === Xong: 10/10 tickers | 10 dòng mới ===
2026-09-09 15:04:08,550 [INFO] Fetch từ 2026-09-08 → 2026-09-08
2026-09-09 15:04:09,746 [INFO] Failed to extract font properties from /usr/share/fonts/truetype/noto/NotoColorEmoji.ttf: Non-scalable fonts are not supported
2026-09-09 15:04:10,095 [INFO] generated new fontManager
2026-09-09 15:04:12,463 [INFO] Device registered: 9990f92d03594fdcf5aeb9cbcf71abcb (version 0.0.1)
2026-09-09 15:04:18,065 [INFO] VCB: ✓ 1 dòng
2026-09-09 15:04:21,424 [INFO] VIC: ✓ 1 dòng
2026-09-09 15:04:24,393 [INFO] VHM: ✓ 1 dòng
2026-09-09 15:04:27,240 [INFO] HPG: ✓ 1 dòng
2026-09-09 15:04:29,747 [INFO] TCB: ✓ 1 dòng
2026-09-09 15:04:32,598 [INFO] MBB: ✓ 1 dòng
2026-09-09 15:04:35,098 [INFO] VNM: ✓ 1 dòng
2026-09-09 15:04:38,246 [INFO] FPT: ✓ 1 dòng
2026-09-09 15:04:41,552 [INFO] MSN: ✓ 1 dòng
2026-09-09 15:04:44,483 [INFO] BID: ✓ 1 dòng
2026-09-09 15:04:44,483 [INFO] === Xong: 10/10 tickers | 10 dòng mới ===
2026-09-10 14:56:45,252 [INFO] Fetch từ 2026-09-09 → 2026-09-09
2026-09-10 14:56:46,915 [INFO] Failed to extract font properties from /usr/share/fonts/truetype/noto/NotoColorEmoji.ttf: Non-scalable fonts are not supported
2026-09-10 14:56:50,481 [WARNING] Matplotlib is building the font cache; this may take a moment.
2026-09-10 14:56:50,499 [INFO] generated new fontManager
2026-09-10 14:56:53,177 [INFO] Device registered: 9990f92d03594fdcf5aeb9cbcf71abcb (version 0.0.1)
2026-09-10 14:56:58,098 [INFO] VCB: ✓ 1 dòng
2026-09-10 14:57:01,457 [INFO] VIC: ✓ 1 dòng
2026-09-10 14:57:04,863 [INFO] VHM: ✓ 1 dòng
2026-09-10 14:57:07,904 [INFO] HPG: ✓ 1 dòng
2026-09-10 14:57:10,806 [INFO] TCB: ✓ 1 dòng
2026-09-10 14:57:13,728 [INFO] MBB: ✓ 1 dòng
2026-09-10 14:57:16,587 [INFO] VNM: ✓ 1 dòng
2026-09-10 14:57:19,273 [INFO] FPT: ✓ 1 dòng
2026-09-10 14:57:22,819 [INFO] MSN: ✓ 1 dòng
2026-09-10 14:57:26,191 [INFO] BID: ✓ 1 dòng
2026-09-10 14:57:26,191 [INFO] === Xong: 10/10 tickers | 10 dòng mới ===
2026-09-11 14:56:44,257 [INFO] Fetch từ 2026-09-10 → 2026-09-10
2026-09-11 14:56:45,803 [INFO] Failed to extract font properties from /usr/share/fonts/truetype/noto/NotoColorEmoji.ttf: Non-scalable fonts are not supported
2026-09-11 14:56:46,556 [INFO] generated new fontManager
2026-09-11 14:56:49,638 [INFO] Device registered: 9990f92d03594fdcf5aeb9cbcf71abcb (version 0.0.1)
2026-09-11 14:56:56,660 [INFO] VCB: ✓ 1 dòng
2026-09-11 14:57:00,768 [INFO] VIC: ✓ 1 dòng
2026-09-11 14:57:05,577 [INFO] VHM: ✓ 1 dòng
2026-09-11 14:57:09,617 [INFO] HPG: ✓ 1 dòng
2026-09-11 14:57:13,677 [INFO] TCB: ✓ 1 dòng
2026-09-11 14:57:17,497 [INFO] MBB: ✓ 1 dòng
2026-09-11 14:57:22,692 [INFO] VNM: ✓ 1 dòng
2026-09-11 14:57:26,856 [INFO] FPT: ✓ 1 dòng
2026-09-11 14:57:31,055 [INFO] MSN: ✓ 1 dòng
2026-09-11 14:57:34,661 [INFO] BID: ✓ 1 dòng
2026-09-11 14:57:34,661 [INFO] === Xong: 10/10 tickers | 10 dòng mới ===
2026-09-14 16:55:00,655 [INFO] Fetch từ 2026-09-11 → 2026-09-13
2026-09-14 16:55:01,502 [INFO] Failed to extract font properties from /usr/share/fonts/truetype/noto/NotoColorEmoji.ttf: Non-scalable fonts are not supported
2026-09-14 16:55:02,005 [INFO] generated new fontManager
2026-09-14 16:55:04,847 [INFO] Device registered: 9990f92d03594fdcf5aeb9cbcf71abcb (version 0.0.1)
2026-09-14 16:55:10,195 [INFO] VCB: ✓ 1 dòng
2026-09-14 16:55:14,434 [INFO] VIC: ✓ 1 dòng
2026-09-14 16:55:17,997 [INFO] VHM: ✓ 1 dòng
2026-09-14 16:55:21,568 [INFO] HPG: ✓ 1 dòng
2026-09-14 16:55:25,301 [INFO] TCB: ✓ 1 dòng
2026-09-14 16:55:29,119 [INFO] MBB: ✓ 1 dòng
2026-09-14 16:55:32,894 [INFO] VNM: ✓ 1 dòng
2026-09-14 16:55:36,253 [INFO] FPT: ✓ 1 dòng
2026-09-14 16:55:40,803 [INFO] MSN: ✓ 1 dòng
2026-09-14 16:55:45,144 [INFO] BID: ✓ 1 dòng
2026-09-14 16:55:45,144 [INFO] === Xong: 10/10 tickers | 10 dòng mới ===
2026-09-15 15:30:42,812 [INFO] Fetch từ 2026-09-12 → 2026-09-14
2026-09-15 15:30:43,830 [INFO] Failed to extract font properties from /usr/share/fonts/truetype/noto/NotoColorEmoji.ttf: Non-scalable fonts are not supported
2026-09-15 15:30:44,133 [INFO] generated new fontManager
2026-09-15 15:30:46,659 [INFO] Device registered: 9990f92d03594fdcf5aeb9cbcf71abcb (version 0.0.1)
2026-09-15 15:30:51,043 [INFO] VCB: ✓ 1 dòng
2026-09-15 15:30:55,753 [INFO] VIC: ✓ 1 dòng
2026-09-15 15:30:59,387 [INFO] VHM: ✓ 1 dòng
2026-09-15 15:31:03,095 [INFO] HPG: ✓ 1 dòng
2026-09-15 15:31:07,018 [INFO] TCB: ✓ 1 dòng
2026-09-15 15:31:11,180 [INFO] MBB: ✓ 1 dòng
2026-09-15 15:31:14,630 [INFO] VNM: ✓ 1 dòng
2026-09-15 15:31:19,546 [INFO] FPT: ✓ 1 dòng
2026-09-15 15:31:24,654 [INFO] MSN: ✓ 1 dòng
2026-09-15 15:31:28,573 [INFO] BID: ✓ 1 dòng
2026-09-15 15:31:28,573 [INFO] === Xong: 10/10 tickers | 10 dòng mới ===
2026-09-16 15:22:43,349 [INFO] Fetch từ 2026-09-15 → 2026-09-15
2026-09-16 15:22:43,696 [INFO] Failed to extract font properties from /usr/share/fonts/truetype/noto/NotoColorEmoji.ttf: Non-scalable fonts are not supported
2026-09-16 15:22:43,712 [INFO] generated new fontManager
2026-09-16 15:22:46,275 [INFO] Device registered: 9990f92d03594fdcf5aeb9cbcf71abcb (version 0.0.1)
2026-09-16 15:22:51,462 [INFO] VCB: ✓ 1 dòng
2026-09-16 15:22:54,524 [INFO] VIC: ✓ 1 dòng
2026-09-16 15:22:57,949 [INFO] VHM: ✓ 1 dòng
2026-09-16 15:23:01,271 [INFO] HPG: ✓ 1 dòng
2026-09-16 15:23:04,322 [INFO] TCB: ✓ 1 dòng
2026-09-16 15:23:07,268 [INFO] MBB: ✓ 1 dòng
2026-09-16 15:23:10,253 [INFO] VNM: ✓ 1 dòng
2026-09-16 15:23:13,536 [INFO] FPT: ✓ 1 dòng
2026-09-16 15:23:16,360 [INFO] MSN: ✓ 1 dòng
2026-09-16 15:23:20,070 [INFO] BID: ✓ 1 dòng
2026-09-16 15:23:20,070 [INFO] === Xong: 10/10 tickers | 10 dòng mới ===
2026-09-17 15:29:46,595 [INFO] Fetch từ 2026-09-16 → 2026-09-16
2026-09-17 15:29:47,000 [INFO] Failed to extract font properties from /usr/share/fonts/truetype/noto/NotoColorEmoji.ttf: Non-scalable fonts are not supported
2026-09-17 15:29:47,081 [INFO] generated new fontManager
2026-09-17 15:29:51,660 [INFO] Device registered: 9990f92d03594fdcf5aeb9cbcf71abcb (version 0.0.1)
2026-09-17 15:29:57,731 [INFO] VCB: ✓ 1 dòng
2026-09-17 15:30:01,506 [INFO] VIC: ✓ 1 dòng
2026-09-17 15:30:04,553 [INFO] VHM: ✓ 1 dòng
2026-09-17 15:30:07,772 [INFO] HPG: ✓ 1 dòng
2026-09-17 15:30:11,243 [INFO] TCB: ✓ 1 dòng
2026-09-17 15:30:14,002 [INFO] MBB: ✓ 1 dòng
2026-09-17 15:30:17,297 [INFO] VNM: ✓ 1 dòng
2026-09-17 15:30:22,304 [INFO] FPT: ✓ 1 dòng
2026-09-17 15:30:26,878 [INFO] MSN: ✓ 1 dòng
2026-09-17 15:30:30,055 [INFO] BID: ✓ 1 dòng
2026-09-17 15:30:30,055 [INFO] === Xong: 10/10 tickers | 10 dòng mới ===
